Archive member included to satisfy reference by file (symbol)

D:/ST/STM32CubeIDE_2.0.0/STM32CubeIDE/plugins/com.st.stm32cube.ide.mcu.externaltools.gnu-tools-for-stm32.13.3.rel1.win32_1.0.100.202509120712/tools/bin/../lib/gcc/arm-none-eabi/13.3.1/../../../../arm-none-eabi/lib/thumb/v7-m/nofp\libc_nano.a(libc_a-exit.o)
                              D:/ST/STM32CubeIDE_2.0.0/STM32CubeIDE/plugins/com.st.stm32cube.ide.mcu.externaltools.gnu-tools-for-stm32.13.3.rel1.win32_1.0.100.202509120712/tools/bin/../lib/gcc/arm-none-eabi/13.3.1/../../../../arm-none-eabi/lib/thumb/v7-m/nofp/crt0.o (exit)
D:/ST/STM32CubeIDE_2.0.0/STM32CubeIDE/plugins/com.st.stm32cube.ide.mcu.externaltools.gnu-tools-for-stm32.13.3.rel1.win32_1.0.100.202509120712/tools/bin/../lib/gcc/arm-none-eabi/13.3.1/../../../../arm-none-eabi/lib/thumb/v7-m/nofp\libc_nano.a(libc_a-findfp.o)
                              D:/ST/STM32CubeIDE_2.0.0/STM32CubeIDE/plugins/com.st.stm32cube.ide.mcu.externaltools.gnu-tools-for-stm32.13.3.rel1.win32_1.0.100.202509120712/tools/bin/../lib/gcc/arm-none-eabi/13.3.1/../../../../arm-none-eabi/lib/thumb/v7-m/nofp\libc_nano.a(libc_a-exit.o) (__stdio_exit_handler)
D:/ST/STM32CubeIDE_2.0.0/STM32CubeIDE/plugins/com.st.stm32cube.ide.mcu.externaltools.gnu-tools-for-stm32.13.3.rel1.win32_1.0.100.202509120712/tools/bin/../lib/gcc/arm-none-eabi/13.3.1/../../../../arm-none-eabi/lib/thumb/v7-m/nofp\libc_nano.a(libc_a-fwalk.o)
                              D:/ST/STM32CubeIDE_2.0.0/STM32CubeIDE/plugins/com.st.stm32cube.ide.mcu.externaltools.gnu-tools-for-stm32.13.3.rel1.win32_1.0.100.202509120712/tools/bin/../lib/gcc/arm-none-eabi/13.3.1/../../../../arm-none-eabi/lib/thumb/v7-m/nofp\libc_nano.a(libc_a-findfp.o) (_fwalk_sglue)
D:/ST/STM32CubeIDE_2.0.0/STM32CubeIDE/plugins/com.st.stm32cube.ide.mcu.externaltools.gnu-tools-for-stm32.13.3.rel1.win32_1.0.100.202509120712/tools/bin/../lib/gcc/arm-none-eabi/13.3.1/../../../../arm-none-eabi/lib/thumb/v7-m/nofp\libc_nano.a(libc_a-sprintf.o)
                              ./Core/Src/main.o (sprintf)
D:/ST/STM32CubeIDE_2.0.0/STM32CubeIDE/plugins/com.st.stm32cube.ide.mcu.externaltools.gnu-tools-for-stm32.13.3.rel1.win32_1.0.100.202509120712/tools/bin/../lib/gcc/arm-none-eabi/13.3.1/../../../../arm-none-eabi/lib/thumb/v7-m/nofp\libc_nano.a(libc_a-stdio.o)
                              D:/ST/STM32CubeIDE_2.0.0/STM32CubeIDE/plugins/com.st.stm32cube.ide.mcu.externaltools.gnu-tools-for-stm32.13.3.rel1.win32_1.0.100.202509120712/tools/bin/../lib/gcc/arm-none-eabi/13.3.1/../../../../arm-none-eabi/lib/thumb/v7-m/nofp\libc_nano.a(libc_a-findfp.o) (__sread)
D:/ST/STM32CubeIDE_2.0.0/STM32CubeIDE/plugins/com.st.stm32cube.ide.mcu.externaltools.gnu-tools-for-stm32.13.3.rel1.win32_1.0.100.202509120712/tools/bin/../lib/gcc/arm-none-eabi/13.3.1/../../../../arm-none-eabi/lib/thumb/v7-m/nofp\libc_nano.a(libc_a-memset.o)
                              D:/ST/STM32CubeIDE_2.0.0/STM32CubeIDE/plugins/com.st.stm32cube.ide.mcu.externaltools.gnu-tools-for-stm32.13.3.rel1.win32_1.0.100.202509120712/tools/bin/../lib/gcc/arm-none-eabi/13.3.1/../../../../arm-none-eabi/lib/thumb/v7-m/nofp/crt0.o (memset)
D:/ST/STM32CubeIDE_2.0.0/STM32CubeIDE/plugins/com.st.stm32cube.ide.mcu.externaltools.gnu-tools-for-stm32.13.3.rel1.win32_1.0.100.202509120712/tools/bin/../lib/gcc/arm-none-eabi/13.3.1/../../../../arm-none-eabi/lib/thumb/v7-m/nofp\libc_nano.a(libc_a-closer.o)
                              D:/ST/STM32CubeIDE_2.0.0/STM32CubeIDE/plugins/com.st.stm32cube.ide.mcu.externaltools.gnu-tools-for-stm32.13.3.rel1.win32_1.0.100.202509120712/tools/bin/../lib/gcc/arm-none-eabi/13.3.1/../../../../arm-none-eabi/lib/thumb/v7-m/nofp\libc_nano.a(libc_a-stdio.o) (_close_r)
D:/ST/STM32CubeIDE_2.0.0/STM32CubeIDE/plugins/com.st.stm32cube.ide.mcu.externaltools.gnu-tools-for-stm32.13.3.rel1.win32_1.0.100.202509120712/tools/bin/../lib/gcc/arm-none-eabi/13.3.1/../../../../arm-none-eabi/lib/thumb/v7-m/nofp\libc_nano.a(libc_a-reent.o)
                              D:/ST/STM32CubeIDE_2.0.0/STM32CubeIDE/plugins/com.st.stm32cube.ide.mcu.externaltools.gnu-tools-for-stm32.13.3.rel1.win32_1.0.100.202509120712/tools/bin/../lib/gcc/arm-none-eabi/13.3.1/../../../../arm-none-eabi/lib/thumb/v7-m/nofp\libc_nano.a(libc_a-closer.o) (errno)
D:/ST/STM32CubeIDE_2.0.0/STM32CubeIDE/plugins/com.st.stm32cube.ide.mcu.externaltools.gnu-tools-for-stm32.13.3.rel1.win32_1.0.100.202509120712/tools/bin/../lib/gcc/arm-none-eabi/13.3.1/../../../../arm-none-eabi/lib/thumb/v7-m/nofp\libc_nano.a(libc_a-impure.o)
                              D:/ST/STM32CubeIDE_2.0.0/STM32CubeIDE/plugins/com.st.stm32cube.ide.mcu.externaltools.gnu-tools-for-stm32.13.3.rel1.win32_1.0.100.202509120712/tools/bin/../lib/gcc/arm-none-eabi/13.3.1/../../../../arm-none-eabi/lib/thumb/v7-m/nofp\libc_nano.a(libc_a-sprintf.o) (_impure_ptr)
[...]
Memory Configuration

Name             Origin             Length             Attributes
RAM              0x20000000         0x00005000         xrw
FLASH            0x08000000         0x00010000         xr
*default*        0x00000000         0xffffffff

Linker script and memory map

LOAD D:/ST/STM32CubeIDE_2.0.0/STM32CubeIDE/plugins/com.st.stm32cube.ide.mcu.externaltools.gnu-tools-for-stm32.13.3.rel1.win32_1.0.100.202509120712/tools/bin/../lib/gcc/arm-none-eabi/13.3.1/thumb/v7-m/nofp/crti.o
LOAD D:/ST/STM32CubeIDE_2.0.0/STM32CubeIDE/plugins/com.st.stm32cube.ide.mcu.externaltools.gnu-tools-for-stm32.13.3.rel1.win32_1.0.100.202509120712/tools/bin/../lib/gcc/arm-none-eabi/13.3.1/thumb/v7-m/nofp/crtbegin.o
LOAD D:/ST/STM32CubeIDE_2.0.0/STM32CubeIDE/plugins/com.st.stm32cube.ide.mcu.externaltools.gnu-tools-for-stm32.13.3.rel1.win32_1.0.100.202509120712/tools/bin/../lib/gcc/arm-none-eabi/13.3.1/../../../../arm-none-eabi/lib/thumb/v7-m/nofp/crt0.o
LOAD ./Core/Src/ILI9341_GFX.o
LOAD ./Core/Src/ILI9341_STM32_Driver.o
LOAD ./Core/Src/ULTRASONICO.o
LOAD ./Core/Src/adc.o
LOAD ./Core/Src/dma.o
LOAD ./Core/Src/fonts.o
LOAD ./Core/Src/gpio.o
LOAD ./Core/Src/main.o
LOAD ./Core/Src/spi.o
LOAD ./Core/Src/stm32_delay.o
LOAD ./Core/Src/stm32f1xx_hal_msp.o
LOAD ./Core/Src/stm32f1xx_it.o
LOAD ./Core/Src/syscalls.o
LOAD ./Core/Src/sysmem.o
LOAD ./Core/Src/system_stm32f1xx.o
LOAD ./Core/Src/tim.o
LOAD ./Core/Startup/startup_stm32f103c8tx.o
LOAD ./Drivers/STM32F1xx_HAL_Driver/Src/stm32f1xx_hal.o
LOAD ./Drivers/STM32F1xx_HAL_Driver/Src/stm32f1xx_hal_adc.o
LOAD ./Drivers/STM32F1xx_HAL_Driver/Src/stm32f1xx_hal_adc_ex.o
LOAD ./Drivers/STM32F1xx_HAL_Driver/Src/stm32f1xx_hal_cortex.o
LOAD ./Drivers/STM32F1xx_HAL_Driver/Src/stm32f1xx_hal_dma.o
LOAD ./Drivers/STM32F1xx_HAL_Driver/Src/stm32f1xx_hal_exti.o
LOAD ./Drivers/STM32F1xx_HAL_Driver/Src/stm32f1xx_hal_flash.o
LOAD ./Drivers/STM32F1xx_HAL_Driver/Src/stm32f1xx_hal_flash_ex.o
LOAD ./Drivers/STM32F1xx_HAL_Driver/Src/stm32f1xx_hal_gpio.o
LOAD ./Drivers/STM32F1xx_HAL_Driver/Src/stm32f1xx_hal_gpio_ex.o
LOAD ./Drivers/STM32F1xx_HAL_Driver/Src/stm32f1xx_hal_pwr.o
LOAD ./Drivers/STM32F1xx_HAL_Driver/Src/stm32f1xx_hal_rcc.o
LOAD ./Drivers/STM32F1xx_HAL_Driver/Src/stm32f1xx_hal_rcc_ex.o
LOAD ./Drivers/STM32F1xx_HAL_Driver/Src/stm32f1xx_hal_spi.o
LOAD ./Drivers/STM32F1xx_HAL_Driver/Src/stm32f1xx_hal_tim.o
LOAD ./Drivers/STM32F1xx_HAL_Driver/Src/stm32f1xx_hal_tim_ex.o
START GROUP
LOAD D:/ST/STM32CubeIDE_2.0.0/STM32CubeIDE/plugins/com.st.stm32cube.ide.mcu.externaltools.gnu-tools-for-stm32.13.3.rel1.win32_1.0.100.202509120712/tools/bin/../lib/gcc/arm-none-eabi/13.3.1/../../../../arm-none-eabi/lib/thumb/v7-m/nofp\libc_nano.a
LOAD D:/ST/STM32CubeIDE_2.0.0/STM32CubeIDE/plugins/com.st.stm32cube.ide.mcu.externaltools.gnu-tools-for-stm32.13.3.rel1.win32_1.0.100.202509120712/tools/bin/../lib/gcc/arm-none-eabi/13.3.1/../../../../arm-none-eabi/lib/thumb/v7-m/nofp\libm.a
END GROUP
START GROUP
LOAD D:/ST/STM32CubeIDE_2.0.0/STM32CubeIDE/plugins/com.st.stm32cube.ide.mcu.externaltools.gnu-tools-for-stm32.13.3.rel1.win32_1.0.100.202509120712/tools/bin/../lib/gcc/arm-none-eabi/13.3.1/thumb/v7-m/nofp\libgcc.a
LOAD D:/ST/STM32CubeIDE_2.0.0/STM32CubeIDE/plugins/com.st.stm32cube.ide.mcu.externaltools.gnu-tools-for-stm32.13.3.rel1.win32_1.0.100.202509120712/tools/bin/../lib/gcc/arm-none-eabi/13.3.1/../../../../arm-none-eabi/lib/thumb/v7-m/nofp\libc_nano.a
END GROUP
START GROUP
LOAD D:/ST/STM32CubeIDE_2.0.0/STM32CubeIDE/plugins/com.st.stm32cube.ide.mcu.externaltools.gnu-tools-for-stm32.13.3.rel1.win32_1.0.100.202509120712/tools/bin/../lib/gcc/arm-none-eabi/13.3.1/thumb/v7-m/nofp\libgcc.a
LOAD D:/ST/STM32CubeIDE_2.0.0/STM32CubeIDE/plugins/com.st.stm32cube.ide.mcu.externaltools.gnu-tools-for-stm32.13.3.rel1.win32_1.0.100.202509120712/tools/bin/../lib/gcc/arm-none-eabi/13.3.1/../../../../arm-none-eabi/lib/thumb/v7-m/nofp\libc_nano.a
LOAD D:/ST/STM32CubeIDE_2.0.0/STM32CubeIDE/plugins/com.st.stm32cube.ide.mcu.externaltools.gnu-tools-for-stm32.13.3.rel1.win32_1.0.100.202509120712/tools/bin/../lib/gcc/arm-none-eabi/13.3.1/../../../../arm-none-eabi/lib/thumb/v7-m/nofp\libnosys.a
END GROUP
START GROUP
LOAD D:/ST/STM32CubeIDE_2.0.0/STM32CubeIDE/plugins/com.st.stm32cube.ide.mcu.externaltools.gnu-tools-for-stm32.13.3.rel1.win32_1.0.100.202509120712/tools/bin/../lib/gcc/arm-none-eabi/13.3.1/thumb/v7-m/nofp\libgcc.a
LOAD D:/ST/STM32CubeIDE_2.0.0/STM32CubeIDE/plugins/com.st.stm32cube.ide.mcu.externaltools.gnu-tools-for-stm32.13.3.rel1.win32_1.0.100.202509120712/tools/bin/../lib/gcc/arm-none-eabi/13.3.1/../../../../arm-none-eabi/lib/thumb/v7-m/nofp\libc_nano.a
LOAD D:/ST/STM32CubeIDE_2.0.0/STM32CubeIDE/plugins/com.st.stm32cube.ide.mcu.externaltools.gnu-tools-for-stm32.13.3.rel1.win32_1.0.100.202509120712/tools/bin/../lib/gcc/arm-none-eabi/13.3.1/../../../../arm-none-eabi/lib/thumb/v7-m/nofp\libnosys.a
END GROUP
LOAD D:/ST/STM32CubeIDE_2.0.0/STM32CubeIDE/plugins/com.st.stm32cube.ide.mcu.externaltools.gnu-tools-for-stm32.13.3.rel1.win32_1.0.100.202509120712/tools/bin/../lib/gcc/arm-none-eabi/13.3.1/thumb/v7-m/nofp/crtend.o
LOAD D:/ST/STM32CubeIDE_2.0.0/STM32CubeIDE/plugins/com.st.stm32cube.ide.mcu.externaltools.gnu-tools-for-stm32.13.3.rel1.win32_1.0.100.202509120712/tools/bin/../lib/gcc/arm-none-eabi/13.3.1/thumb/v7-m/nofp/crtn.o
                0x20005000                        _estack = (ORIGIN (RAM) + LENGTH (RAM))
                0x00000200                        _Min_Heap_Size = 0x200
                0x00000400                        _Min_Stack_Size = 0x400

.isr_vector     0x08000000      0x10c
                0x08000000                        . = ALIGN (0x4)
 *(.isr_vector)
 .isr_vector    0x08000000      0x10c ./Core/Startup/startup_stm32f103c8tx.o
                0x08000000                g_pfnVectors
                0x0800010c                        . = ALIGN (0x4)

.text           0x0800010c     0x7fb0
                0x0800010c                        . = ALIGN (0x4)
 *(.text)
 .text          0x0800010c       0x40 D:/ST/STM32CubeIDE_2.0.0/STM32CubeIDE/plugins/com.st.stm32cube.ide.mcu.externaltools.gnu-tools-for-stm32.13.3.rel1.win32_1.0.100.202509120712/tools/bin/../lib/gcc/arm-none-eabi/13.3.1/thumb/v7-m/nofp/crtbegin.o
 .text          0x0800014c      0x21c D:/ST/STM32CubeIDE_2.0.0/STM32CubeIDE/plugins/com.st.stm32cube.ide.mcu.externaltools.gnu-tools-for-stm32.13.3.rel1.win32_1.0.100.202509120712/tools/bin/../lib/gcc/arm-none-eabi/13.3.1/thumb/v7-m/nofp\libgcc.a(_arm_addsubsf3.o)
                0x0800014c                __aeabi_frsub
                0x08000154                __subsf3
                0x08000154                __aeabi_fsub
                0x08000158                __aeabi_fadd
                0x08000158                __addsf3
                0x080002b8                __aeabi_ui2f
                0x080002b8                __floatunsisf
                0x080002c0                __aeabi_i2f
                0x080002c0                __floatsisf
                0x080002dc                __aeabi_ul2f
                0x080002dc                __floatundisf
                0x080002ec                __aeabi_l2f
                0x080002ec                __floatdisf
 .text          0x08000368      0x2a0 D:/ST/STM32CubeIDE_2.0.0/STM32CubeIDE/plugins/com.st.stm32cube.ide.mcu.externaltools.gnu-tools-for-stm32.13.3.rel1.win32_1.0.100.202509120712/tools/bin/../lib/gcc/arm-none-eabi/13.3.1/thumb/v7-m/nofp\libgcc.a(_arm_muldivsf3.o)
                0x08000368                __mulsf3
                0x08000368                __aeabi_fmul
                0x080004d0                __aeabi_fdiv
                0x080004d0                __divsf3
 .text          0x08000608       0xec D:/ST/STM32CubeIDE_2.0.0/STM32CubeIDE/plugins/com.st.stm32cube.ide.mcu.externaltools.gnu-tools-for-stm32.13.3.rel1.win32_1.0.100.202509120712/tools/bin/../lib/gcc/arm-none-eabi/13.3.1/thumb/v7-m/nofp\libgcc.a(_arm_cmpsf2.o)
                0x08000608                __gesf2
                0x08000608                __gtsf2
                0x08000610                __lesf2
                0x08000610                __ltsf2
                0x08000618                __nesf2
                0x08000618                __eqsf2
                0x08000618                __cmpsf2
                0x08000678                __aeabi_cfrcmple
                0x08000680                __aeabi_cfcmpeq
                0x08000680                __aeabi_cfcmple
                0x08000690                __aeabi_fcmpeq
                0x080006a4                __aeabi_fcmplt
                0x080006b8                __aeabi_fcmple
                0x080006cc                __aeabi_fcmpge
                0x080006e0                __aeabi_fcmpgt
 .text          0x080006f4       0x4c D:/ST/STM32CubeIDE_2.0.0/STM32CubeIDE/plugins/com.st.stm32cube.ide.mcu.externaltools.gnu-tools-for-stm32.13.3.rel1.win32_1.0.100.202509120712/tools/bin/../lib/gcc/arm-none-eabi/13.3.1/thumb/v7-m/nofp\libgcc.a(_arm_fixsfsi.o)
                0x080006f4                __aeabi_f2iz
                0x080006f4                __fixsfsi
 .text          0x08000740       0x40 D:/ST/STM32CubeIDE_2.0.0/STM32CubeIDE/plugins/com.st.stm32cube.ide.mcu.externaltools.gnu-tools-for-stm32.13.3.rel1.win32_1.0.100.202509120712/tools/bin/../lib/gcc/arm-none-eabi/13.3.1/thumb/v7-m/nofp\libgcc.a(_arm_fixunssfsi.o)
                0x08000740                __fixunssfsi
                0x08000740                __aeabi_f2uiz
 *(.text*)
 .text.ILI9341_DrawChar
                0x08000780       0xf0 ./Core/Src/ILI9341_GFX.o
                0x08000780                ILI9341_DrawChar
 .text.ILI9341_DrawText
                0x08000870       0x94 ./Core/Src/ILI9341_GFX.o
                0x08000870                ILI9341_DrawText
 .text.ILI9341_Recta
                0x08000904       0xc2 ./Core/Src/ILI9341_GFX.o
                0x08000904                ILI9341_Recta
 *fill*         0x080009c6        0x2 
 .text.ILI9341_DibujarBarridoAngulo
                0x080009c8       0xf0 ./Core/Src/ILI9341_GFX.o
                0x080009c8                ILI9341_DibujarBarridoAngulo
 .text.HAL_SPI_TxCpltCallback
                0x08000ab8       0x2c ./Core/Src/ILI9341_STM32_Driver.o
                0x08000ab8                HAL_SPI_TxCpltCallback
 .text.ILI9341_SPI_Tx
                0x08000ae4       0x34 ./Core/Src/ILI9341_STM32_Driver.o
 .text.ILI9341_SPI_TxBuffer
                0x08000b18       0x34 ./Core/Src/ILI9341_STM32_Driver.o
 .text.ILI9341_WriteCommand
                0x08000b4c       0x38 ./Core/Src/ILI9341_STM32_Driver.o
                0x08000b4c                ILI9341_WriteCommand
 .text.ILI9341_WriteData
                0x08000b84       0x38 ./Core/Src/ILI9341_STM32_Driver.o
                0x08000b84                ILI9341_WriteData
 .text.ILI9341_WriteBuffer
                0x08000bbc       0x3c ./Core/Src/ILI9341_STM32_Driver.o
                0x08000bbc                ILI9341_WriteBuffer
 .text.ILI9341_SetAddress
                0x08000bf8       0x90 ./Core/Src/ILI9341_STM32_Driver.o
                0x08000bf8                ILI9341_SetAddress
 .text.ILI9341_Reset
                0x08000c88       0x44 ./Core/Src/ILI9341_STM32_Driver.o
                0x08000c88                ILI9341_Reset
 .text.ILI9341_Enable
                0x08000ccc       0x18 ./Core/Src/ILI9341_STM32_Driver.o
                0x08000ccc                ILI9341_Enable
 .text.ILI9341_Init
                0x08000ce4      0x214 ./Core/Src/ILI9341_STM32_Driver.o
                0x08000ce4                ILI9341_Init
 .text.ILI9341_SetRotation
                0x08000ef8       0xa0 ./Core/Src/ILI9341_STM32_Driver.o
                0x08000ef8                ILI9341_SetRotation
 .text.ILI9341_DrawColorBurst
                0x08000f98      0x138 ./Core/Src/ILI9341_STM32_Driver.o
                0x08000f98                ILI9341_DrawColorBurst
 .text.ILI9341_FillScreen
                0x080010d0       0x4c ./Core/Src/ILI9341_STM32_Driver.o
                0x080010d0                ILI9341_FillScreen
 .text.ILI9341_DrawPixel
                0x0800111c       0xcc ./Core/Src/ILI9341_STM32_Driver.o
                0x0800111c                ILI9341_DrawPixel
 .text.ILI9341_DrawRectangle
                0x080011e8       0xb8 ./Core/Src/ILI9341_STM32_Driver.o
                0x080011e8                ILI9341_DrawRectangle
 .text.ultrasonic_init
                0x080012a0       0x2a ./Core/Src/ULTRASONICO.o
                0x080012a0                ultrasonic_init
 *fill*         0x080012ca        0x2 
 .text.ultrasonic_measure_distance
                0x080012cc      0x108 ./Core/Src/ULTRASONICO.o
                0x080012cc                ultrasonic_measure_distance
 .text.MX_ADC1_Init
                0x080013d4       0x9c ./Core/Src/adc.o
                0x080013d4                MX_ADC1_Init
 .text.HAL_ADC_MspInit
                0x08001470       0xe0 ./Core/Src/adc.o
                0x08001470                HAL_ADC_MspInit
 .text.MX_DMA_Init
                0x08001550       0x4c ./Core/Src/dma.o
                0x08001550                MX_DMA_Init
 .text.MX_GPIO_Init
                0x0800159c      0x158 ./Core/Src/gpio.o
                0x0800159c                MX_GPIO_Init
 .text.drawArrow.3
                0x080016f4       0xb8 ./Core/Src/main.o
 .text.main     0x080017ac      0x854 ./Core/Src/main.o
                0x080017ac                main
 .text.drawArrow_borrar.2
                0x08002000       0xb4 ./Core/Src/main.o
 .text.GiroAnguloServo.0
                0x080020b4       0x48 ./Core/Src/main.o
 .text.pintarMenu.1
                0x080020fc       0x84 ./Core/Src/main.o
 .text.SystemClock_Config
                0x08002180       0xb6 ./Core/Src/main.o
                0x08002180                SystemClock_Config
 *fill*         0x08002236        0x2 
 .text.HAL_TIM_PeriodElapsedCallback
                0x08002238       0x54 ./Core/Src/main.o
                0x08002238                HAL_TIM_PeriodElapsedCallback
 .text.HAL_ADC_ConvCpltCallback
                0x0800228c       0xec ./Core/Src/main.o
                0x0800228c                HAL_ADC_ConvCpltCallback
 .text.HAL_GPIO_EXTI_Callback
                0x08002378      0x108 ./Core/Src/main.o
                0x08002378                HAL_GPIO_EXTI_Callback
 .text.Error_Handler
                0x08002480        0xc ./Core/Src/main.o
                0x08002480                Error_Handler
 .text.MX_SPI1_Init
                0x0800248c       0x6c ./Core/Src/spi.o
                0x0800248c                MX_SPI1_Init
 .text.HAL_SPI_MspInit
                0x080024f8       0xe0 ./Core/Src/spi.o
                0x080024f8                HAL_SPI_MspInit
 .text.HAL_MspInit
                0x080025d8       0x64 ./Core/Src/stm32f1xx_hal_msp.o
                0x080025d8                HAL_MspInit
 .text.NMI_Handler
                0x0800263c        0x8 ./Core/Src/stm32f1xx_it.o
                0x0800263c                NMI_Handler
 .text.HardFault_Handler
                0x08002644        0x8 ./Core/Src/stm32f1xx_it.o
                0x08002644                HardFault_Handler
 .text.MemManage_Handler
                0x0800264c        0x8 ./Core/Src/stm32f1xx_it.o
                0x0800264c                MemManage_Handler
 .text.BusFault_Handler
                0x08002654        0x8 ./Core/Src/stm32f1xx_it.o
                0x08002654                BusFault_Handler
 .text.UsageFault_Handler
                0x0800265c        0x8 ./Core/Src/stm32f1xx_it.o
                0x0800265c                UsageFault_Handler
 .text.SVC_Handler
                0x08002664        0xc ./Core/Src/stm32f1xx_it.o
                0x08002664                SVC_Handler
 .text.DebugMon_Handler
                0x08002670        0xc ./Core/Src/stm32f1xx_it.o
                0x08002670                DebugMon_Handler
 .text.PendSV_Handler
                0x0800267c        0xc ./Core/Src/stm32f1xx_it.o
                0x0800267c                PendSV_Handler
 .text.SysTick_Handler
                0x08002688        0xc ./Core/Src/stm32f1xx_it.o
                0x08002688                SysTick_Handler
 .text.DMA1_Channel1_IRQHandler
                0x08002694       0x14 ./Core/Src/stm32f1xx_it.o
                0x08002694                DMA1_Channel1_IRQHandler
 .text.DMA1_Channel3_IRQHandler
                0x080026a8       0x14 ./Core/Src/stm32f1xx_it.o
                0x080026a8                DMA1_Channel3_IRQHandler
 .text.ADC1_2_IRQHandler
                0x080026bc       0x14 ./Core/Src/stm32f1xx_it.o
                0x080026bc                ADC1_2_IRQHandler
 .text.TIM4_IRQHandler
                0x080026d0       0x14 ./Core/Src/stm32f1xx_it.o
                0x080026d0                TIM4_IRQHandler
 .text.SPI1_IRQHandler
                0x080026e4       0x14 ./Core/Src/stm32f1xx_it.o
                0x080026e4                SPI1_IRQHandler
 .text.EXTI15_10_IRQHandler
                0x080026f8       0x20 ./Core/Src/stm32f1xx_it.o
                0x080026f8                EXTI15_10_IRQHandler
 .text._sbrk    0x08002718       0x6c ./Core/Src/sysmem.o
                0x08002718                _sbrk
 .text.SystemInit
                0x08002784        0xc ./Core/Src/system_stm32f1xx.o
                0x08002784                SystemInit
 .text.MX_TIM1_Init
                0x08002790      0x11c ./Core/Src/tim.o
                0x08002790                MX_TIM1_Init
 .text.MX_TIM2_Init
                0x080028ac       0xb0 ./Core/Src/tim.o
                0x080028ac                MX_TIM2_Init
 .text.MX_TIM3_Init
                0x0800295c       0xbc ./Core/Src/tim.o
                0x0800295c                MX_TIM3_Init
 .text.MX_TIM4_Init
                0x08002a18       0xa0 ./Core/Src/tim.o
                0x08002a18                MX_TIM4_Init
 .text.HAL_TIM_PWM_MspInit
                0x08002ab8       0x60 ./Core/Src/tim.o
                0x08002ab8                HAL_TIM_PWM_MspInit
 .text.HAL_TIM_IC_MspInit
                0x08002b18       0xa4 ./Core/Src/tim.o
                0x08002b18                HAL_TIM_IC_MspInit
 .text.HAL_TIM_Base_MspInit
                0x08002bbc       0x4c ./Core/Src/tim.o
                0x08002bbc                HAL_TIM_Base_MspInit
 .text.HAL_TIM_MspPostInit
                0x08002c08       0xcc ./Core/Src/tim.o
                0x08002c08                HAL_TIM_MspPostInit
 .text.Reset_Handler
                0x08002cd4       0x48 ./Core/Startup/startup_stm32f103c8tx.o
                0x08002cd4                Reset_Handler
 .text.Default_Handler
                0x08002d1c        0x2 ./Core/Startup/startup_stm32f103c8tx.o
                0x08002d1c                RTC_Alarm_IRQHandler
                0x08002d1c                EXTI2_IRQHandler
                0x08002d1c                TIM1_CC_IRQHandler
                0x08002d1c                PVD_IRQHandler
                0x08002d1c                EXTI3_IRQHandler
                0x08002d1c                EXTI0_IRQHandler
                0x08002d1c                I2C2_EV_IRQHandler
                0x08002d1c                TAMPER_IRQHandler
                0x08002d1c                DMA1_Channel4_IRQHandler
                0x08002d1c                USART3_IRQHandler
                0x08002d1c                RTC_IRQHandler
                0x08002d1c                DMA1_Channel7_IRQHandler
                0x08002d1c                CAN1_RX1_IRQHandler
                0x08002d1c                I2C1_EV_IRQHandler
                0x08002d1c                DMA1_Channel6_IRQHandler
                0x08002d1c                TIM3_IRQHandler
                0x08002d1c                RCC_IRQHandler
                0x08002d1c                TIM1_TRG_COM_IRQHandler
                0x08002d1c                Default_Handler
                0x08002d1c                EXTI9_5_IRQHandler
                0x08002d1c                SPI2_IRQHandler
                0x08002d1c                DMA1_Channel5_IRQHandler
                0x08002d1c                EXTI4_IRQHandler
                0x08002d1c                USB_LP_CAN1_RX0_IRQHandler
                0x08002d1c                USB_HP_CAN1_TX_IRQHandler
                0x08002d1c                TIM1_UP_IRQHandler
                0x08002d1c                WWDG_IRQHandler
                0x08002d1c                TIM2_IRQHandler
                0x08002d1c                TIM1_BRK_IRQHandler
                0x08002d1c                EXTI1_IRQHandler
                0x08002d1c                USART2_IRQHandler
                0x08002d1c                I2C2_ER_IRQHandler
                0x08002d1c                DMA1_Channel2_IRQHandler
                0x08002d1c                CAN1_SCE_IRQHandler
                0x08002d1c                FLASH_IRQHandler
                0x08002d1c                USART1_IRQHandler
                0x08002d1c                I2C1_ER_IRQHandler
                0x08002d1c                USBWakeUp_IRQHandler
 *fill*         0x08002d1e        0x2 
 .text.HAL_Init
                0x08002d20       0x2c ./Drivers/STM32F1xx_HAL_Driver/Src/stm32f1xx_hal.o
                0x08002d20                HAL_Init
 .text.HAL_InitTick
                0x08002d4c       0x60 ./Drivers/STM32F1xx_HAL_Driver/Src/stm32f1xx_hal.o
                0x08002d4c                HAL_InitTick
 .text.HAL_IncTick
                0x08002dac       0x24 ./Drivers/STM32F1xx_HAL_Driver/Src/stm32f1xx_hal.o
                0x08002dac                HAL_IncTick
 .text.HAL_GetTick
                0x08002dd0       0x14 ./Drivers/STM32F1xx_HAL_Driver/Src/stm32f1xx_hal.o
                0x08002dd0                HAL_GetTick
 .text.HAL_Delay
                0x08002de4       0x48 ./Drivers/STM32F1xx_HAL_Driver/Src/stm32f1xx_hal.o
                0x08002de4                HAL_Delay
 .text.HAL_ADC_Init
                0x08002e2c      0x1b0 ./Drivers/STM32F1xx_HAL_Driver/Src/stm32f1xx_hal_adc.o
                0x08002e2c                HAL_ADC_Init
 .text.HAL_ADC_Start_IT
                0x08002fdc      0x16c ./Drivers/STM32F1xx_HAL_Driver/Src/stm32f1xx_hal_adc.o
                0x08002fdc                HAL_ADC_Start_IT
 .text.HAL_ADC_Start_DMA
                0x08003148      0x1bc ./Drivers/STM32F1xx_HAL_Driver/Src/stm32f1xx_hal_adc.o
                0x08003148                HAL_ADC_Start_DMA
 .text.HAL_ADC_IRQHandler
                0x08003304      0x17e ./Drivers/STM32F1xx_HAL_Driver/Src/stm32f1xx_hal_adc.o
                0x08003304                HAL_ADC_IRQHandler
 .text.HAL_ADC_ConvHalfCpltCallback
                0x08003482       0x12 ./Drivers/STM32F1xx_HAL_Driver/Src/stm32f1xx_hal_adc.o
                0x08003482                HAL_ADC_ConvHalfCpltCallback
 .text.HAL_ADC_LevelOutOfWindowCallback
                0x08003494       0x12 ./Drivers/STM32F1xx_HAL_Driver/Src/stm32f1xx_hal_adc.o
                0x08003494                HAL_ADC_LevelOutOfWindowCallback
 .text.HAL_ADC_ErrorCallback
                0x080034a6       0x12 ./Drivers/STM32F1xx_HAL_Driver/Src/stm32f1xx_hal_adc.o
                0x080034a6                HAL_ADC_ErrorCallback
 .text.HAL_ADC_ConfigChannel
                0x080034b8      0x1f0 ./Drivers/STM32F1xx_HAL_Driver/Src/stm32f1xx_hal_adc.o
                0x080034b8                HAL_ADC_ConfigChannel
 .text.ADC_Enable
                0x080036a8       0xb4 ./Drivers/STM32F1xx_HAL_Driver/Src/stm32f1xx_hal_adc.o
                0x080036a8                ADC_Enable
 .text.ADC_ConversionStop_Disable
                0x0800375c       0x82 ./Drivers/STM32F1xx_HAL_Driver/Src/stm32f1xx_hal_adc.o
                0x0800375c                ADC_ConversionStop_Disable
 .text.ADC_DMAConvCplt
                0x080037de       0x7c ./Drivers/STM32F1xx_HAL_Driver/Src/stm32f1xx_hal_adc.o
                0x080037de                ADC_DMAConvCplt
 .text.ADC_DMAHalfConvCplt
                0x0800385a       0x1c ./Drivers/STM32F1xx_HAL_Driver/Src/stm32f1xx_hal_adc.o
                0x0800385a                ADC_DMAHalfConvCplt
 .text.ADC_DMAError
                0x08003876       0x34 ./Drivers/STM32F1xx_HAL_Driver/Src/stm32f1xx_hal_adc.o
                0x08003876                ADC_DMAError
 .text.HAL_ADCEx_InjectedConvCpltCallback
                0x080038aa       0x12 ./Drivers/STM32F1xx_HAL_Driver/Src/stm32f1xx_hal_adc_ex.o
                0x080038aa                HAL_ADCEx_InjectedConvCpltCallback
 .text.__NVIC_SetPriorityGrouping
                0x080038bc       0x48 ./Drivers/STM32F1xx_HAL_Driver/Src/stm32f1xx_hal_cortex.o
 .text.__NVIC_GetPriorityGrouping
                0x08003904       0x1c ./Drivers/STM32F1xx_HAL_Driver/Src/stm32f1xx_hal_cortex.o
 .text.__NVIC_EnableIRQ
                0x08003920       0x38 ./Drivers/STM32F1xx_HAL_Driver/Src/stm32f1xx_hal_cortex.o
 .text.__NVIC_SetPriority
                0x08003958       0x54 ./Drivers/STM32F1xx_HAL_Driver/Src/stm32f1xx_hal_cortex.o
 .text.NVIC_EncodePriority
                0x080039ac       0x64 ./Drivers/STM32F1xx_HAL_Driver/Src/stm32f1xx_hal_cortex.o
 .text.SysTick_Config
                0x08003a10       0x44 ./Drivers/STM32F1xx_HAL_Driver/Src/stm32f1xx_hal_cortex.o
 .text.HAL_NVIC_SetPriorityGrouping
                0x08003a54       0x16 ./Drivers/STM32F1xx_HAL_Driver/Src/stm32f1xx_hal_cortex.o
                0x08003a54                HAL_NVIC_SetPriorityGrouping
 .text.HAL_NVIC_SetPriority
                0x08003a6a       0x38 ./Drivers/STM32F1xx_HAL_Driver/Src/stm32f1xx_hal_cortex.o
                0x08003a6a                HAL_NVIC_SetPriority
 .text.HAL_NVIC_EnableIRQ
                0x08003aa2       0x1c ./Drivers/STM32F1xx_HAL_Driver/Src/stm32f1xx_hal_cortex.o
                0x08003aa2                HAL_NVIC_EnableIRQ
 .text.HAL_SYSTICK_Config
                0x08003abe       0x18 ./Drivers/STM32F1xx_HAL_Driver/Src/stm32f1xx_hal_cortex.o
                0x08003abe                HAL_SYSTICK_Config
 *fill*         0x08003ad6        0x2 
 .text.HAL_DMA_Init
                0x08003ad8       0xb4 ./Drivers/STM32F1xx_HAL_Driver/Src/stm32f1xx_hal_dma.o
                0x08003ad8                HAL_DMA_Init
 .text.HAL_DMA_Start_IT
                0x08003b8c       0xc0 ./Drivers/STM32F1xx_HAL_Driver/Src/stm32f1xx_hal_dma.o
                0x08003b8c                HAL_DMA_Start_IT
 .text.HAL_DMA_Abort_IT
                0x08003c4c       0xf0 ./Drivers/STM32F1xx_HAL_Driver/Src/stm32f1xx_hal_dma.o
                0x08003c4c                HAL_DMA_Abort_IT
 .text.HAL_DMA_IRQHandler
                0x08003d3c      0x20c ./Drivers/STM32F1xx_HAL_Driver/Src/stm32f1xx_hal_dma.o
                0x08003d3c                HAL_DMA_IRQHandler
 .text.DMA_SetConfig
                0x08003f48       0x5a ./Drivers/STM32F1xx_HAL_Driver/Src/stm32f1xx_hal_dma.o
 *fill*         0x08003fa2        0x2 
 .text.HAL_GPIO_Init
                0x08003fa4      0x308 ./Drivers/STM32F1xx_HAL_Driver/Src/stm32f1xx_hal_gpio.o
                0x08003fa4                HAL_GPIO_Init
 .text.HAL_GPIO_ReadPin
                0x080042ac       0x2e ./Drivers/STM32F1xx_HAL_Driver/Src/stm32f1xx_hal_gpio.o
                0x080042ac                HAL_GPIO_ReadPin
 .text.HAL_GPIO_WritePin
                0x080042da       0x30 ./Drivers/STM32F1xx_HAL_Driver/Src/stm32f1xx_hal_gpio.o
                0x080042da                HAL_GPIO_WritePin
 .text.HAL_GPIO_TogglePin
                0x0800430a       0x32 ./Drivers/STM32F1xx_HAL_Driver/Src/stm32f1xx_hal_gpio.o
                0x0800430a                HAL_GPIO_TogglePin
 .text.HAL_GPIO_EXTI_IRQHandler
                0x0800433c       0x30 ./Drivers/STM32F1xx_HAL_Driver/Src/stm32f1xx_hal_gpio.o
                0x0800433c                HAL_GPIO_EXTI_IRQHandler
 .text.HAL_RCC_OscConfig
                0x0800436c      0x504 ./Drivers/STM32F1xx_HAL_Driver/Src/stm32f1xx_hal_rcc.o
                0x0800436c                HAL_RCC_OscConfig
 .text.HAL_RCC_ClockConfig
                0x08004870      0x1d4 ./Drivers/STM32F1xx_HAL_Driver/Src/stm32f1xx_hal_rcc.o
                0x08004870                HAL_RCC_ClockConfig
 .text.HAL_RCC_GetSysClockFreq
                0x08004a44       0xa8 ./Drivers/STM32F1xx_HAL_Driver/Src/stm32f1xx_hal_rcc.o
                0x08004a44                HAL_RCC_GetSysClockFreq
 .text.RCC_Delay
                0x08004aec       0x3c ./Drivers/STM32F1xx_HAL_Driver/Src/stm32f1xx_hal_rcc.o
 .text.HAL_RCCEx_PeriphCLKConfig
                0x08004b28      0x16c ./Drivers/STM32F1xx_HAL_Driver/Src/stm32f1xx_hal_rcc_ex.o
                0x08004b28                HAL_RCCEx_PeriphCLKConfig
 .text.HAL_SPI_Init
                0x08004c94      0x108 ./Drivers/STM32F1xx_HAL_Driver/Src/stm32f1xx_hal_spi.o
                0x08004c94                HAL_SPI_Init
 .text.HAL_SPI_Transmit
                0x08004d9c      0x288 ./Drivers/STM32F1xx_HAL_Driver/Src/stm32f1xx_hal_spi.o
                0x08004d9c                HAL_SPI_Transmit
 .text.HAL_SPI_Transmit_DMA
                0x08005024      0x164 ./Drivers/STM32F1xx_HAL_Driver/Src/stm32f1xx_hal_spi.o
                0x08005024                HAL_SPI_Transmit_DMA
 .text.HAL_SPI_IRQHandler
                0x08005188      0x1cc ./Drivers/STM32F1xx_HAL_Driver/Src/stm32f1xx_hal_spi.o
                0x08005188                HAL_SPI_IRQHandler
 .text.HAL_SPI_TxHalfCpltCallback
                0x08005354       0x12 ./Drivers/STM32F1xx_HAL_Driver/Src/stm32f1xx_hal_spi.o
                0x08005354                HAL_SPI_TxHalfCpltCallback
 .text.HAL_SPI_ErrorCallback
                0x08005366       0x12 ./Drivers/STM32F1xx_HAL_Driver/Src/stm32f1xx_hal_spi.o
                0x08005366                HAL_SPI_ErrorCallback
 .text.SPI_DMATransmitCplt
                0x08005378       0xa6 ./Drivers/STM32F1xx_HAL_Driver/Src/stm32f1xx_hal_spi.o
 .text.SPI_DMAHalfTransmitCplt
                0x0800541e       0x1c ./Drivers/STM32F1xx_HAL_Driver/Src/stm32f1xx_hal_spi.o
 .text.SPI_DMAError
                0x0800543a       0x40 ./Drivers/STM32F1xx_HAL_Driver/Src/stm32f1xx_hal_spi.o
 .text.SPI_DMAAbortOnError
                0x0800547a       0x28 ./Drivers/STM32F1xx_HAL_Driver/Src/stm32f1xx_hal_spi.o
 *fill*         0x080054a2        0x2 
 .text.SPI_WaitFlagStateUntilTimeout
                0x080054a4      0x110 ./Drivers/STM32F1xx_HAL_Driver/Src/stm32f1xx_hal_spi.o
 .text.SPI_EndRxTxTransaction
                0x080055b4       0x62 ./Drivers/STM32F1xx_HAL_Driver/Src/stm32f1xx_hal_spi.o
 .text.HAL_TIM_Base_Init
                0x08005616       0x9e ./Drivers/STM32F1xx_HAL_Driver/Src/stm32f1xx_hal_tim.o
                0x08005616                HAL_TIM_Base_Init
 .text.HAL_TIM_Base_Start
                0x080056b4       0x94 ./Drivers/STM32F1xx_HAL_Driver/Src/stm32f1xx_hal_tim.o
                0x080056b4                HAL_TIM_Base_Start
 .text.HAL_TIM_Base_Start_IT
                0x08005748       0xa4 ./Drivers/STM32F1xx_HAL_Driver/Src/stm32f1xx_hal_tim.o
                0x08005748                HAL_TIM_Base_Start_IT
 .text.HAL_TIM_PWM_Init
                0x080057ec       0x9e ./Drivers/STM32F1xx_HAL_Driver/Src/stm32f1xx_hal_tim.o
                0x080057ec                HAL_TIM_PWM_Init
 *fill*         0x0800588a        0x2 
 .text.HAL_TIM_PWM_Start
                0x0800588c      0x144 ./Drivers/STM32F1xx_HAL_Driver/Src/stm32f1xx_hal_tim.o
                0x0800588c                HAL_TIM_PWM_Start
 .text.HAL_TIM_IC_Init
                0x080059d0       0x9e ./Drivers/STM32F1xx_HAL_Driver/Src/stm32f1xx_hal_tim.o
                0x080059d0                HAL_TIM_IC_Init
 *fill*         0x08005a6e        0x2 
 .text.HAL_TIM_IC_Start
                0x08005a70      0x180 ./Drivers/STM32F1xx_HAL_Driver/Src/stm32f1xx_hal_tim.o
                0x08005a70                HAL_TIM_IC_Start
 .text.HAL_TIM_IRQHandler
                0x08005bf0      0x1e0 ./Drivers/STM32F1xx_HAL_Driver/Src/stm32f1xx_hal_tim.o
                0x08005bf0                HAL_TIM_IRQHandler
 .text.HAL_TIM_IC_ConfigChannel
                0x08005dd0      0x138 ./Drivers/STM32F1xx_HAL_Driver/Src/stm32f1xx_hal_tim.o
                0x08005dd0                HAL_TIM_IC_ConfigChannel
 .text.HAL_TIM_PWM_ConfigChannel
                0x08005f08      0x184 ./Drivers/STM32F1xx_HAL_Driver/Src/stm32f1xx_hal_tim.o
                0x08005f08                HAL_TIM_PWM_ConfigChannel
 .text.HAL_TIM_SlaveConfigSynchro
                0x0800608c       0x84 ./Drivers/STM32F1xx_HAL_Driver/Src/stm32f1xx_hal_tim.o
                0x0800608c                HAL_TIM_SlaveConfigSynchro
 .text.HAL_TIM_OC_DelayElapsedCallback
                0x08006110       0x12 ./Drivers/STM32F1xx_HAL_Driver/Src/stm32f1xx_hal_tim.o
                0x08006110                HAL_TIM_OC_DelayElapsedCallback
 .text.HAL_TIM_IC_CaptureCallback
                0x08006122       0x12 ./Drivers/STM32F1xx_HAL_Driver/Src/stm32f1xx_hal_tim.o
                0x08006122                HAL_TIM_IC_CaptureCallback
 .text.HAL_TIM_PWM_PulseFinishedCallback
                0x08006134       0x12 ./Drivers/STM32F1xx_HAL_Driver/Src/stm32f1xx_hal_tim.o
                0x08006134                HAL_TIM_PWM_PulseFinishedCallback
 .text.HAL_TIM_TriggerCallback
                0x08006146       0x12 ./Drivers/STM32F1xx_HAL_Driver/Src/stm32f1xx_hal_tim.o
                0x08006146                HAL_TIM_TriggerCallback
 .text.TIM_Base_SetConfig
                0x08006158       0xdc ./Drivers/STM32F1xx_HAL_Driver/Src/stm32f1xx_hal_tim.o
                0x08006158                TIM_Base_SetConfig
 .text.TIM_OC1_SetConfig
                0x08006234       0xcc ./Drivers/STM32F1xx_HAL_Driver/Src/stm32f1xx_hal_tim.o
 .text.TIM_OC2_SetConfig
                0x08006300       0xd4 ./Drivers/STM32F1xx_HAL_Driver/Src/stm32f1xx_hal_tim.o
                0x08006300                TIM_OC2_SetConfig
 .text.TIM_OC3_SetConfig
                0x080063d4       0xd4 ./Drivers/STM32F1xx_HAL_Driver/Src/stm32f1xx_hal_tim.o
 .text.TIM_OC4_SetConfig
                0x080064a8       0x9c ./Drivers/STM32F1xx_HAL_Driver/Src/stm32f1xx_hal_tim.o
 .text.TIM_SlaveTimer_SetConfig
                0x08006544      0x122 ./Drivers/STM32F1xx_HAL_Driver/Src/stm32f1xx_hal_tim.o
 *fill*         0x08006666        0x2 
 .text.TIM_TI1_SetConfig
                0x08006668       0xb4 ./Drivers/STM32F1xx_HAL_Driver/Src/stm32f1xx_hal_tim.o
                0x08006668                TIM_TI1_SetConfig
 .text.TIM_TI1_ConfigInputStage
                0x0800671c       0x5c ./Drivers/STM32F1xx_HAL_Driver/Src/stm32f1xx_hal_tim.o
 .text.TIM_TI2_SetConfig
                0x08006778       0x78 ./Drivers/STM32F1xx_HAL_Driver/Src/stm32f1xx_hal_tim.o
 .text.TIM_TI2_ConfigInputStage
                0x080067f0       0x5e ./Drivers/STM32F1xx_HAL_Driver/Src/stm32f1xx_hal_tim.o
 .text.TIM_TI3_SetConfig
                0x0800684e       0x76 ./Drivers/STM32F1xx_HAL_Driver/Src/stm32f1xx_hal_tim.o
 .text.TIM_TI4_SetConfig
                0x080068c4       0x78 ./Drivers/STM32F1xx_HAL_Driver/Src/stm32f1xx_hal_tim.o
 .text.TIM_ETR_SetConfig
                0x0800693c       0x3e ./Drivers/STM32F1xx_HAL_Driver/Src/stm32f1xx_hal_tim.o
                0x0800693c                TIM_ETR_SetConfig
 .text.TIM_CCxChannelCmd
                0x0800697a       0x48 ./Drivers/STM32F1xx_HAL_Driver/Src/stm32f1xx_hal_tim.o
                0x0800697a                TIM_CCxChannelCmd
 *fill*         0x080069c2        0x2 
 .text.HAL_TIMEx_MasterConfigSynchronization
                0x080069c4       0xbc ./Drivers/STM32F1xx_HAL_Driver/Src/stm32f1xx_hal_tim_ex.o
                0x080069c4                HAL_TIMEx_MasterConfigSynchronization
 .text.HAL_TIMEx_ConfigBreakDeadTime
                0x08006a80       0xa2 ./Drivers/STM32F1xx_HAL_Driver/Src/stm32f1xx_hal_tim_ex.o
                0x08006a80                HAL_TIMEx_ConfigBreakDeadTime
 .text.HAL_TIMEx_CommutCallback
                0x08006b22       0x12 ./Drivers/STM32F1xx_HAL_Driver/Src/stm32f1xx_hal_tim_ex.o
                0x08006b22                HAL_TIMEx_CommutCallback
 .text.HAL_TIMEx_BreakCallback
                0x08006b34       0x12 ./Drivers/STM32F1xx_HAL_Driver/Src/stm32f1xx_hal_tim_ex.o
                0x08006b34                HAL_TIMEx_BreakCallback
 *fill*         0x08006b46        0x2 
 .text.sprintf  0x08006b48       0x44 D:/ST/STM32CubeIDE_2.0.0/STM32CubeIDE/plugins/com.st.stm32cube.ide.mcu.externaltools.gnu-tools-for-stm32.13.3.rel1.win32_1.0.100.202509120712/tools/bin/../lib/gcc/arm-none-eabi/13.3.1/../../../../arm-none-eabi/lib/thumb/v7-m/nofp\libc_nano.a(libc_a-sprintf.o)
                0x08006b48                siprintf
                0x08006b48                sprintf
 .text.memset   0x08006b8c       0x10 D:/ST/STM32CubeIDE_2.0.0/STM32CubeIDE/plugins/com.st.stm32cube.ide.mcu.externaltools.gnu-tools-for-stm32.13.3.rel1.win32_1.0.100.202509120712/tools/bin/../lib/gcc/arm-none-eabi/13.3.1/../../../../arm-none-eabi/lib/thumb/v7-m/nofp\libc_nano.a(libc_a-memset.o)
                0x08006b8c                memset
 .text.__errno  0x08006b9c        0xc D:/ST/STM32CubeIDE_2.0.0/STM32CubeIDE/plugins/com.st.stm32cube.ide.mcu.externaltools.gnu-tools-for-stm32.13.3.rel1.win32_1.0.100.202509120712/tools/bin/../lib/gcc/arm-none-eabi/13.3.1/../../../../arm-none-eabi/lib/thumb/v7-m/nofp\libc_nano.a(libc_a-errno.o)
                0x08006b9c                __errno
 .text.__libc_init_array
                0x08006ba8       0x48 D:/ST/STM32CubeIDE_2.0.0/STM32CubeIDE/plugins/com.st.stm32cube.ide.mcu.externaltools.gnu-tools-for-stm32.13.3.rel1.win32_1.0.100.202509120712/tools/bin/../lib/gcc/arm-none-eabi/13.3.1/../../../../arm-none-eabi/lib/thumb/v7-m/nofp\libc_nano.a(libc_a-init.o)
                0x08006ba8                __libc_init_array
 .text.__retarget_lock_acquire_recursive
                0x08006bf0        0x2 D:/ST/STM32CubeIDE_2.0.0/STM32CubeIDE/plugins/com.st.stm32cube.ide.mcu.externaltools.gnu-tools-for-stm32.13.3.rel1.win32_1.0.100.202509120712/tools/bin/../lib/gcc/arm-none-eabi/13.3.1/../../../../arm-none-eabi/lib/thumb/v7-m/nofp\libc_nano.a(libc_a-lock.o)
                0x08006bf0                __retarget_lock_acquire_recursive
 .text.__retarget_lock_release_recursive
                0x08006bf2        0x2 D:/ST/STM32CubeIDE_2.0.0/STM32CubeIDE/plugins/com.st.stm32cube.ide.mcu.externaltools.gnu-tools-for-stm32.13.3.rel1.win32_1.0.100.202509120712/tools/bin/../lib/gcc/arm-none-eabi/13.3.1/../../../../arm-none-eabi/lib/thumb/v7-m/nofp\libc_nano.a(libc_a-lock.o)
                0x08006bf2                __retarget_lock_release_recursive
 .text._free_r  0x08006bf4       0x90 D:/ST/STM32CubeIDE_2.0.0/STM32CubeIDE/plugins/com.st.stm32cube.ide.mcu.externaltools.gnu-tools-for-stm32.13.3.rel1.win32_1.0.100.202509120712/tools/bin/../lib/gcc/arm-none-eabi/13.3.1/../../../../arm-none-eabi/lib/thumb/v7-m/nofp\libc_nano.a(libc_a-freer.o)
                0x08006bf4                _free_r
 .text.sbrk_aligned
                0x08006c84       0x44 D:/ST/STM32CubeIDE_2.0.0/STM32CubeIDE/plugins/com.st.stm32cube.ide.mcu.externaltools.gnu-tools-for-stm32.13.3.rel1.win32_1.0.100.202509120712/tools/bin/../lib/gcc/arm-none-eabi/13.3.1/../../../../arm-none-eabi/lib/thumb/v7-m/nofp\libc_nano.a(libc_a-mallocr.o)
 .text._malloc_r
                0x08006cc8      0x100 D:/ST/STM32CubeIDE_2.0.0/STM32CubeIDE/plugins/com.st.stm32cube.ide.mcu.externaltools.gnu-tools-for-stm32.13.3.rel1.win32_1.0.100.202509120712/tools/bin/../lib/gcc/arm-none-eabi/13.3.1/../../../../arm-none-eabi/lib/thumb/v7-m/nofp\libc_nano.a(libc_a-mallocr.o)
                0x08006cc8                _malloc_r
 .text.__malloc_lock
                0x08006dc8        0xc D:/ST/STM32CubeIDE_2.0.0/STM32CubeIDE/plugins/com.st.stm32cube.ide.mcu.externaltools.gnu-tools-for-stm32.13.3.rel1.win32_1.0.100.202509120712/tools/bin/../lib/gcc/arm-none-eabi/13.3.1/../../../../arm-none-eabi/lib/thumb/v7-m/nofp\libc_nano.a(libc_a-mlock.o)
                0x08006dc8                __malloc_lock
 .text.__malloc_unlock
                0x08006dd4        0xc D:/ST/STM32CubeIDE_2.0.0/STM32CubeIDE/plugins/com.st.stm32cube.ide.mcu.externaltools.gnu-tools-for-stm32.13.3.rel1.win32_1.0.100.202509120712/tools/bin/../lib/gcc/arm-none-eabi/13.3.1/../../../../arm-none-eabi/lib/thumb/v7-m/nofp\libc_nano.a(libc_a-mlock.o)
                0x08006dd4                __malloc_unlock
 .text.__ssputs_r
                0x08006de0       0xb6 D:/ST/STM32CubeIDE_2.0.0/STM32CubeIDE/plugins/com.st.stm32cube.ide.mcu.externaltools.gnu-tools-for-stm32.13.3.rel1.win32_1.0.100.202509120712/tools/bin/../lib/gcc/arm-none-eabi/13.3.1/../../../../arm-none-eabi/lib/thumb/v7-m/nofp\libc_nano.a(libc_a-nano-svfprintf.o)
                0x08006de0                __ssputs_r
 *fill*         0x08006e96        0x2 
 .text._svfprintf_r
                0x08006e98      0x1f8 D:/ST/STM32CubeIDE_2.0.0/STM32CubeIDE/plugins/com.st.stm32cube.ide.mcu.externaltools.gnu-tools-for-stm32.13.3.rel1.win32_1.0.100.202509120712/tools/bin/../lib/gcc/arm-none-eabi/13.3.1/../../../../arm-none-eabi/lib/thumb/v7-m/nofp\libc_nano.a(libc_a-nano-svfprintf.o)
                0x08006e98                _svfiprintf_r
                0x08006e98                _svfprintf_r
 .text._printf_common
                0x08007090       0xe4 D:/ST/STM32CubeIDE_2.0.0/STM32CubeIDE/plugins/com.st.stm32cube.ide.mcu.externaltools.gnu-tools-for-stm32.13.3.rel1.win32_1.0.100.202509120712/tools/bin/../lib/gcc/arm-none-eabi/13.3.1/../../../../arm-none-eabi/lib/thumb/v7-m/nofp\libc_nano.a(libc_a-nano-vfprintf_i.o)
                0x08007090                _printf_common
 .text._printf_i
                0x08007174      0x23c D:/ST/STM32CubeIDE_2.0.0/STM32CubeIDE/plugins/com.st.stm32cube.ide.mcu.externaltools.gnu-tools-for-stm32.13.3.rel1.win32_1.0.100.202509120712/tools/bin/../lib/gcc/arm-none-eabi/13.3.1/../../../../arm-none-eabi/lib/thumb/v7-m/nofp\libc_nano.a(libc_a-nano-vfprintf_i.o)
                0x08007174                _printf_i
 .text.memmove  0x080073b0       0x34 D:/ST/STM32CubeIDE_2.0.0/STM32CubeIDE/plugins/com.st.stm32cube.ide.mcu.externaltools.gnu-tools-for-stm32.13.3.rel1.win32_1.0.100.202509120712/tools/bin/../lib/gcc/arm-none-eabi/13.3.1/../../../../arm-none-eabi/lib/thumb/v7-m/nofp\libc_nano.a(libc_a-memmove.o)
                0x080073b0                memmove
 .text._sbrk_r  0x080073e4       0x20 D:/ST/STM32CubeIDE_2.0.0/STM32CubeIDE/plugins/com.st.stm32cube.ide.mcu.externaltools.gnu-tools-for-stm32.13.3.rel1.win32_1.0.100.202509120712/tools/bin/../lib/gcc/arm-none-eabi/13.3.1/../../../../arm-none-eabi/lib/thumb/v7-m/nofp\libc_nano.a(libc_a-sbrkr.o)
                0x080073e4                _sbrk_r
 .text.memchr   0x08007404       0x1c D:/ST/STM32CubeIDE_2.0.0/STM32CubeIDE/plugins/com.st.stm32cube.ide.mcu.externaltools.gnu-tools-for-stm32.13.3.rel1.win32_1.0.100.202509120712/tools/bin/../lib/gcc/arm-none-eabi/13.3.1/../../../../arm-none-eabi/lib/thumb/v7-m/nofp\libc_nano.a(libc_a-memchr-stub.o)
                0x08007404                memchr
 .text.memcpy   0x08007420       0x1c D:/ST/STM32CubeIDE_2.0.0/STM32CubeIDE/plugins/com.st.stm32cube.ide.mcu.externaltools.gnu-tools-for-stm32.13.3.rel1.win32_1.0.100.202509120712/tools/bin/../lib/gcc/arm-none-eabi/13.3.1/../../../../arm-none-eabi/lib/thumb/v7-m/nofp\libc_nano.a(libc_a-memcpy-stub.o)
                0x08007420                memcpy
 .text._realloc_r
                0x0800743c       0x5c D:/ST/STM32CubeIDE_2.0.0/STM32CubeIDE/plugins/com.st.stm32cube.ide.mcu.externaltools.gnu-tools-for-stm32.13.3.rel1.win32_1.0.100.202509120712/tools/bin/../lib/gcc/arm-none-eabi/13.3.1/../../../../arm-none-eabi/lib/thumb/v7-m/nofp\libc_nano.a(libc_a-reallocr.o)
                0x0800743c                _realloc_r
 .text._malloc_usable_size_r
                0x08007498       0x10 D:/ST/STM32CubeIDE_2.0.0/STM32CubeIDE/plugins/com.st.stm32cube.ide.mcu.externaltools.gnu-tools-for-stm32.13.3.rel1.win32_1.0.100.202509120712/tools/bin/../lib/gcc/arm-none-eabi/13.3.1/../../../../arm-none-eabi/lib/thumb/v7-m/nofp\libc_nano.a(libc_a-msizer.o)
                0x08007498                _malloc_usable_size_r
 .text.cosf     0x080074a8       0x70 D:/ST/STM32CubeIDE_2.0.0/STM32CubeIDE/plugins/com.st.stm32cube.ide.mcu.externaltools.gnu-tools-for-stm32.13.3.rel1.win32_1.0.100.202509120712/tools/bin/../lib/gcc/arm-none-eabi/13.3.1/../../../../arm-none-eabi/lib/thumb/v7-m/nofp\libm.a(libm_a-sf_cos.o)
                0x080074a8                cosf
 .text.sinf     0x08007518       0x74 D:/ST/STM32CubeIDE_2.0.0/STM32CubeIDE/plugins/com.st.stm32cube.ide.mcu.externaltools.gnu-tools-for-stm32.13.3.rel1.win32_1.0.100.202509120712/tools/bin/../lib/gcc/arm-none-eabi/13.3.1/../../../../arm-none-eabi/lib/thumb/v7-m/nofp\libm.a(libm_a-sf_sin.o)
                0x08007518                sinf
 .text.__kernel_cosf
                0x0800758c      0x100 D:/ST/STM32CubeIDE_2.0.0/STM32CubeIDE/plugins/com.st.stm32cube.ide.mcu.externaltools.gnu-tools-for-stm32.13.3.rel1.win32_1.0.100.202509120712/tools/bin/../lib/gcc/arm-none-eabi/13.3.1/../../../../arm-none-eabi/lib/thumb/v7-m/nofp\libm.a(libm_a-kf_cos.o)
                0x0800758c                __kernel_cosf
 .text.__kernel_sinf
                0x0800768c       0xec D:/ST/STM32CubeIDE_2.0.0/STM32CubeIDE/plugins/com.st.stm32cube.ide.mcu.externaltools.gnu-tools-for-stm32.13.3.rel1.win32_1.0.100.202509120712/tools/bin/../lib/gcc/arm-none-eabi/13.3.1/../../../../arm-none-eabi/lib/thumb/v7-m/nofp\libm.a(libm_a-kf_sin.o)
                0x0800768c                __kernel_sinf
 .text.__ieee754_rem_pio2f
                0x08007778      0x2cc D:/ST/STM32CubeIDE_2.0.0/STM32CubeIDE/plugins/com.st.stm32cube.ide.mcu.externaltools.gnu-tools-for-stm32.13.3.rel1.win32_1.0.100.202509120712/tools/bin/../lib/gcc/arm-none-eabi/13.3.1/../../../../arm-none-eabi/lib/thumb/v7-m/nofp\libm.a(libm_a-ef_rem_pio2.o)
                0x08007778                __ieee754_rem_pio2f
 .text.fabsf    0x08007a44        0x6 D:/ST/STM32CubeIDE_2.0.0/STM32CubeIDE/plugins/com.st.stm32cube.ide.mcu.externaltools.gnu-tools-for-stm32.13.3.rel1.win32_1.0.100.202509120712/tools/bin/../lib/gcc/arm-none-eabi/13.3.1/../../../../arm-none-eabi/lib/thumb/v7-m/nofp\libm.a(libm_a-sf_fabs.o)
                0x08007a44                fabsf
 *fill*         0x08007a4a        0x2 
 .text.__kernel_rem_pio2f
                0x08007a4c      0x53c D:/ST/STM32CubeIDE_2.0.0/STM32CubeIDE/plugins/com.st.stm32cube.ide.mcu.externaltools.gnu-tools-for-stm32.13.3.rel1.win32_1.0.100.202509120712/tools/bin/../lib/gcc/arm-none-eabi/13.3.1/../../../../arm-none-eabi/lib/thumb/v7-m/nofp\libm.a(libm_a-kf_rem_pio2.o)
                0x08007a4c                __kernel_rem_pio2f
 .text.scalbnf  0x08007f88       0x98 D:/ST/STM32CubeIDE_2.0.0/STM32CubeIDE/plugins/com.st.stm32cube.ide.mcu.externaltools.gnu-tools-for-stm32.13.3.rel1.win32_1.0.100.202509120712/tools/bin/../lib/gcc/arm-none-eabi/13.3.1/../../../../arm-none-eabi/lib/thumb/v7-m/nofp\libm.a(libm_a-sf_scalbn.o)
                0x08007f88                scalbnf
 .text.floorf   0x08008020       0x84 D:/ST/STM32CubeIDE_2.0.0/STM32CubeIDE/plugins/com.st.stm32cube.ide.mcu.externaltools.gnu-tools-for-stm32.13.3.rel1.win32_1.0.100.202509120712/tools/bin/../lib/gcc/arm-none-eabi/13.3.1/../../../../arm-none-eabi/lib/thumb/v7-m/nofp\libm.a(libm_a-sf_floor.o)
                0x08008020                floorf
 *(.glue_7)
 .glue_7        0x080080a4        0x0 linker stubs
 *(.glue_7t)
 .glue_7t       0x080080a4        0x0 linker stubs
 *(.eh_frame)
 .eh_frame      0x080080a4        0x0 D:/ST/STM32CubeIDE_2.0.0/STM32CubeIDE/plugins/com.st.stm32cube.ide.mcu.externaltools.gnu-tools-for-stm32.13.3.rel1.win32_1.0.100.202509120712/tools/bin/../lib/gcc/arm-none-eabi/13.3.1/thumb/v7-m/nofp/crtbegin.o
 *(.init)
 .init          0x080080a4        0x4 D:/ST/STM32CubeIDE_2.0.0/STM32CubeIDE/plugins/com.st.stm32cube.ide.mcu.externaltools.gnu-tools-for-stm32.13.3.rel1.win32_1.0.100.202509120712/tools/bin/../lib/gcc/arm-none-eabi/13.3.1/thumb/v7-m/nofp/crti.o
                0x080080a4                _init
 .init          0x080080a8        0x8 D:/ST/STM32CubeIDE_2.0.0/STM32CubeIDE/plugins/com.st.stm32cube.ide.mcu.externaltools.gnu-tools-for-stm32.13.3.rel1.win32_1.0.100.202509120712/tools/bin/../lib/gcc/arm-none-eabi/13.3.1/thumb/v7-m/nofp/crtn.o
 *(.fini)
 .fini          0x080080b0        0x4 D:/ST/STM32CubeIDE_2.0.0/STM32CubeIDE/plugins/com.st.stm32cube.ide.mcu.externaltools.gnu-tools-for-stm32.13.3.rel1.win32_1.0.100.202509120712/tools/bin/../lib/gcc/arm-none-eabi/13.3.1/thumb/v7-m/nofp/crti.o
                0x080080b0                _fini
 .fini          0x080080b4        0x8 D:/ST/STM32CubeIDE_2.0.0/STM32CubeIDE/plugins/com.st.stm32cube.ide.mcu.externaltools.gnu-tools-for-stm32.13.3.rel1.win32_1.0.100.202509120712/tools/bin/../lib/gcc/arm-none-eabi/13.3.1/thumb/v7-m/nofp/crtn.o
                0x080080bc                        . = ALIGN (0x4)
                0x080080bc                        _etext = .

.vfp11_veneer   0x080080bc        0x0
 .vfp11_veneer  0x080080bc        0x0 linker stubs

.v4_bx          0x080080bc        0x0
 .v4_bx         0x080080bc        0x0 linker stubs

.iplt           0x080080bc        0x0
 .iplt          0x080080bc        0x0 D:/ST/STM32CubeIDE_2.0.0/STM32CubeIDE/plugins/com.st.stm32cube.ide.mcu.externaltools.gnu-tools-for-stm32.13.3.rel1.win32_1.0.100.202509120712/tools/bin/../lib/gcc/arm-none-eabi/13.3.1/thumb/v7-m/nofp/crtbegin.o

.rodata         0x080080bc     0x259c
                0x080080bc                        . = ALIGN (0x4)
 *(.rodata)
 .rodata        0x080080bc       0xf4 ./Core/Src/main.o
 *(.rodata*)
 .rodata.Arial_Narrow15x19
                0x080081b0     0x1144 ./Core/Src/fonts.o
                0x080081b0                Arial_Narrow15x19
 .rodata.Consolas13x24
                0x080092f4      0xf04 ./Core/Src/fonts.o
                0x080092f4                Consolas13x24
 .rodata.arrow  0x0800a1f8       0x19 ./Core/Src/main.o
 *fill*         0x0800a211        0x3 
 .rodata.arrow_borrar
                0x0800a214       0x19 ./Core/Src/main.o
 *fill*         0x0800a22d        0x3 
 .rodata.AHBPrescTable
                0x0800a230       0x10 ./Core/Src/system_stm32f1xx.o
                0x0800a230                AHBPrescTable
 .rodata.aPLLMULFactorTable.1
                0x0800a240       0x10 ./Drivers/STM32F1xx_HAL_Driver/Src/stm32f1xx_hal_rcc.o
 .rodata.aPredivFactorTable.0
                0x0800a250        0x2 ./Drivers/STM32F1xx_HAL_Driver/Src/stm32f1xx_hal_rcc.o
 .rodata._svfprintf_r.str1.1
                0x0800a252       0x33 D:/ST/STM32CubeIDE_2.0.0/STM32CubeIDE/plugins/com.st.stm32cube.ide.mcu.externaltools.gnu-tools-for-stm32.13.3.rel1.win32_1.0.100.202509120712/tools/bin/../lib/gcc/arm-none-eabi/13.3.1/../../../../arm-none-eabi/lib/thumb/v7-m/nofp\libc_nano.a(libc_a-nano-svfprintf.o)
                                 0x11 (size before relaxing)
 .rodata._printf_i.str1.1
                0x0800a285        0x0 D:/ST/STM32CubeIDE_2.0.0/STM32CubeIDE/plugins/com.st.stm32cube.ide.mcu.externaltools.gnu-tools-for-stm32.13.3.rel1.win32_1.0.100.202509120712/tools/bin/../lib/gcc/arm-none-eabi/13.3.1/../../../../arm-none-eabi/lib/thumb/v7-m/nofp\libc_nano.a(libc_a-nano-vfprintf_i.o)
                                 0x22 (size before relaxing)
 *fill*         0x0800a285        0x3 
 .rodata.npio2_hw
                0x0800a288       0x80 D:/ST/STM32CubeIDE_2.0.0/STM32CubeIDE/plugins/com.st.stm32cube.ide.mcu.externaltools.gnu-tools-for-stm32.13.3.rel1.win32_1.0.100.202509120712/tools/bin/../lib/gcc/arm-none-eabi/13.3.1/../../../../arm-none-eabi/lib/thumb/v7-m/nofp\libm.a(libm_a-ef_rem_pio2.o)
 .rodata.two_over_pi
                0x0800a308      0x318 D:/ST/STM32CubeIDE_2.0.0/STM32CubeIDE/plugins/com.st.stm32cube.ide.mcu.externaltools.gnu-tools-for-stm32.13.3.rel1.win32_1.0.100.202509120712/tools/bin/../lib/gcc/arm-none-eabi/13.3.1/../../../../arm-none-eabi/lib/thumb/v7-m/nofp\libm.a(libm_a-ef_rem_pio2.o)
 .rodata.PIo2   0x0800a620       0x2c D:/ST/STM32CubeIDE_2.0.0/STM32CubeIDE/plugins/com.st.stm32cube.ide.mcu.externaltools.gnu-tools-for-stm32.13.3.rel1.win32_1.0.100.202509120712/tools/bin/../lib/gcc/arm-none-eabi/13.3.1/../../../../arm-none-eabi/lib/thumb/v7-m/nofp\libm.a(libm_a-kf_rem_pio2.o)
 .rodata.init_jk
                0x0800a64c        0xc D:/ST/STM32CubeIDE_2.0.0/STM32CubeIDE/plugins/com.st.stm32cube.ide.mcu.externaltools.gnu-tools-for-stm32.13.3.rel1.win32_1.0.100.202509120712/tools/bin/../lib/gcc/arm-none-eabi/13.3.1/../../../../arm-none-eabi/lib/thumb/v7-m/nofp\libm.a(libm_a-kf_rem_pio2.o)
                0x0800a658                        . = ALIGN (0x4)

.ARM.extab      0x0800a658        0x0
                0x0800a658                        . = ALIGN (0x4)
 *(.ARM.extab* .gnu.linkonce.armextab.*)
                0x0800a658                        . = ALIGN (0x4)

.ARM            0x0800a658        0x0
                0x0800a658                        . = ALIGN (0x4)
                0x0800a658                        __exidx_start = .
 *(.ARM.exidx*)
                0x0800a658                        __exidx_end = .
                0x0800a658                        . = ALIGN (0x4)

.preinit_array  0x0800a658        0x0
                0x0800a658                        . = ALIGN (0x4)
                0x0800a658                        PROVIDE (__preinit_array_start = .)
 *(.preinit_array*)
                0x0800a658                        PROVIDE (__preinit_array_end = .)
                0x0800a658                        . = ALIGN (0x4)

.init_array     0x0800a658        0x4
                0x0800a658                        . = ALIGN (0x4)
                0x0800a658                        PROVIDE (__init_array_start = .)
 *(SORT_BY_NAME(.init_array.*))
 *(.init_array*)
 .init_array    0x0800a658        0x4 D:/ST/STM32CubeIDE_2.0.0/STM32CubeIDE/plugins/com.st.stm32cube.ide.mcu.externaltools.gnu-tools-for-stm32.13.3.rel1.win32_1.0.100.202509120712/tools/bin/../lib/gcc/arm-none-eabi/13.3.1/thumb/v7-m/nofp/crtbegin.o
                0x0800a65c                        PROVIDE (__init_array_end = .)
                0x0800a65c                        . = ALIGN (0x4)

.fini_array     0x0800a65c        0x4
                0x0800a65c                        . = ALIGN (0x4)
                [!provide]                        PROVIDE (__fini_array_start = .)
 *(SORT_BY_NAME(.fini_array.*))
 *(.fini_array*)
 .fini_array    0x0800a65c        0x4 D:/ST/STM32CubeIDE_2.0.0/STM32CubeIDE/plugins/com.st.stm32cube.ide.mcu.externaltools.gnu-tools-for-stm32.13.3.rel1.win32_1.0.100.202509120712/tools/bin/../lib/gcc/arm-none-eabi/13.3.1/thumb/v7-m/nofp/crtbegin.o
                [!provide]                        PROVIDE (__fini_array_end = .)
                0x0800a660                        . = ALIGN (0x4)
                0x0800a660                        _sidata = LOADADDR (.data)

.rel.dyn        0x0800a660        0x0
 .rel.iplt      0x0800a660        0x0 D:/ST/STM32CubeIDE_2.0.0/STM32CubeIDE/plugins/com.st.stm32cube.ide.mcu.externaltools.gnu-tools-for-stm32.13.3.rel1.win32_1.0.100.202509120712/tools/bin/../lib/gcc/arm-none-eabi/13.3.1/thumb/v7-m/nofp/crtbegin.o

.data           0x20000000       0x64 load address 0x0800a660
                0x20000000                        . = ALIGN (0x4)
                0x20000000                        _sdata = .
 *(.data)
 *(.data*)
 .data.LCD_HEIGHT
                0x20000000        0x2 ./Core/Src/ILI9341_STM32_Driver.o
                0x20000000                LCD_HEIGHT
 .data.LCD_WIDTH
                0x20000002        0x2 ./Core/Src/ILI9341_STM32_Driver.o
                0x20000002                LCD_WIDTH
 .data.IndiceMenu
                0x20000004        0x1 ./Core/Src/main.o
                0x20000004                IndiceMenu
 .data.HabilitoPulsadoresID
                0x20000005        0x1 ./Core/Src/main.o
                0x20000005                HabilitoPulsadoresID
 *fill*         0x20000006        0x2 
 .data.SystemCoreClock
                0x20000008        0x4 ./Core/Src/system_stm32f1xx.o
                0x20000008                SystemCoreClock
 .data.uwTickPrio
                0x2000000c        0x4 ./Drivers/STM32F1xx_HAL_Driver/Src/stm32f1xx_hal.o
                0x2000000c                uwTickPrio
 .data.uwTickFreq
                0x20000010        0x1 ./Drivers/STM32F1xx_HAL_Driver/Src/stm32f1xx_hal.o
                0x20000010                uwTickFreq
 *fill*         0x20000011        0x3 
 .data._impure_ptr
                0x20000014        0x4 D:/ST/STM32CubeIDE_2.0.0/STM32CubeIDE/plugins/com.st.stm32cube.ide.mcu.externaltools.gnu-tools-for-stm32.13.3.rel1.win32_1.0.100.202509120712/tools/bin/../lib/gcc/arm-none-eabi/13.3.1/../../../../arm-none-eabi/lib/thumb/v7-m/nofp\libc_nano.a(libc_a-impure.o)
                0x20000014                _impure_ptr
 .data._impure_data
                0x20000018       0x4c D:/ST/STM32CubeIDE_2.0.0/STM32CubeIDE/plugins/com.st.stm32cube.ide.mcu.externaltools.gnu-tools-for-stm32.13.3.rel1.win32_1.0.100.202509120712/tools/bin/../lib/gcc/arm-none-eabi/13.3.1/../../../../arm-none-eabi/lib/thumb/v7-m/nofp\libc_nano.a(libc_a-impure.o)
                0x20000018                _impure_data
 *(.RamFunc)
 *(.RamFunc*)
                0x20000064                        . = ALIGN (0x4)
                0x20000064                        _edata = .

.igot.plt       0x20000064        0x0 load address 0x0800a6c4
 .igot.plt      0x20000064        0x0 D:/ST/STM32CubeIDE_2.0.0/STM32CubeIDE/plugins/com.st.stm32cube.ide.mcu.externaltools.gnu-tools-for-stm32.13.3.rel1.win32_1.0.100.202509120712/tools/bin/../lib/gcc/arm-none-eabi/13.3.1/thumb/v7-m/nofp/crtbegin.o
                0x20000064                        . = ALIGN (0x4)

.bss            0x20000064      0x424 load address 0x0800a6c4
                0x20000064                        _sbss = .
                0x20000064                        __bss_start__ = _sbss
 *(.bss)
 .bss           0x20000064       0x1c D:/ST/STM32CubeIDE_2.0.0/STM32CubeIDE/plugins/com.st.stm32cube.ide.mcu.externaltools.gnu-tools-for-stm32.13.3.rel1.win32_1.0.100.202509120712/tools/bin/../lib/gcc/arm-none-eabi/13.3.1/thumb/v7-m/nofp/crtbegin.o
 *(.bss*)
 .bss.hadc1     0x20000080       0x30 ./Core/Src/adc.o
                0x20000080                hadc1
 .bss.hdma_adc1
                0x200000b0       0x44 ./Core/Src/adc.o
                0x200000b0                hdma_adc1
 .bss.canal_adc
                0x200000f4        0x8 ./Core/Src/main.o
                0x200000f4                canal_adc
 .bss.adc1      0x200000fc        0x2 ./Core/Src/main.o
                0x200000fc                adc1
 .bss.adc2      0x200000fe        0x2 ./Core/Src/main.o
                0x200000fe                adc2
 .bss.duty_pwm_rojo
                0x20000100        0x1 ./Core/Src/main.o
 .bss.porcentaje_duty_rojo
                0x20000101        0x1 ./Core/Src/main.o
 .bss.duty_pwm_azul
                0x20000102        0x1 ./Core/Src/main.o
 .bss.porcentaje_duty_azul
                0x20000103        0x1 ./Core/Src/main.o
 .bss.contador  0x20000104        0x4 ./Core/Src/main.o
 .bss.contadorBarrido
                0x20000108        0x4 ./Core/Src/main.o
 .bss.z         0x2000010c       0x14 ./Core/Src/main.o
                0x2000010c                z
 .bss.y         0x20000120       0x14 ./Core/Src/main.o
                0x20000120                y
 .bss.red       0x20000134       0x14 ./Core/Src/main.o
                0x20000134                red
 .bss.blue      0x20000148       0x14 ./Core/Src/main.o
                0x20000148                blue
 .bss.dist_izq  0x2000015c        0x1 ./Core/Src/main.o
 .bss.dist_der  0x2000015d        0x1 ./Core/Src/main.o
 .bss.angulo    0x2000015e        0x1 ./Core/Src/main.o
                0x2000015e                angulo
 *fill*         0x2000015f        0x1 
 .bss.ultimoPulso_izquierdo
                0x20000160        0x4 ./Core/Src/main.o
                0x20000160                ultimoPulso_izquierdo
 .bss.muestraDeTiempoActual_izquierdo
                0x20000164        0x4 ./Core/Src/main.o
                0x20000164                muestraDeTiempoActual_izquierdo
 .bss.ultimoPulso_central
                0x20000168        0x4 ./Core/Src/main.o
                0x20000168                ultimoPulso_central
 .bss.muestraDeTiempoActual_central
                0x2000016c        0x4 ./Core/Src/main.o
                0x2000016c                muestraDeTiempoActual_central
 .bss.ultimoPulso_derecho
                0x20000170        0x4 ./Core/Src/main.o
                0x20000170                ultimoPulso_derecho
 .bss.muestraDeTiempoActual_derecho
                0x20000174        0x4 ./Core/Src/main.o
                0x20000174                muestraDeTiempoActual_derecho
 .bss.EnterMenu
                0x20000178        0x1 ./Core/Src/main.o
                0x20000178                EnterMenu
 .bss.HabilitoEnter
                0x20000179        0x1 ./Core/Src/main.o
                0x20000179                HabilitoEnter
 *fill*         0x2000017a        0x2 
 .bss.hspi1     0x2000017c       0x58 ./Core/Src/spi.o
                0x2000017c                hspi1
 .bss.hdma_spi1_tx
                0x200001d4       0x44 ./Core/Src/spi.o
                0x200001d4                hdma_spi1_tx
 .bss.__sbrk_heap_end
                0x20000218        0x4 ./Core/Src/sysmem.o
 .bss.htim1     0x2000021c       0x48 ./Core/Src/tim.o
                0x2000021c                htim1
 .bss.htim2     0x20000264       0x48 ./Core/Src/tim.o
                0x20000264                htim2
 .bss.htim3     0x200002ac       0x48 ./Core/Src/tim.o
                0x200002ac                htim3
 .bss.htim4     0x200002f4       0x48 ./Core/Src/tim.o
                0x200002f4                htim4
 .bss.uwTick    0x2000033c        0x4 ./Drivers/STM32F1xx_HAL_Driver/Src/stm32f1xx_hal.o
                0x2000033c                uwTick
 .bss.__sf      0x20000340      0x138 D:/ST/STM32CubeIDE_2.0.0/STM32CubeIDE/plugins/com.st.stm32cube.ide.mcu.externaltools.gnu-tools-for-stm32.13.3.rel1.win32_1.0.100.202509120712/tools/bin/../lib/gcc/arm-none-eabi/13.3.1/../../../../arm-none-eabi/lib/thumb/v7-m/nofp\libc_nano.a(libc_a-findfp.o)
                0x20000340                __sf
 .bss.errno     0x20000478        0x4 D:/ST/STM32CubeIDE_2.0.0/STM32CubeIDE/plugins/com.st.stm32cube.ide.mcu.externaltools.gnu-tools-for-stm32.13.3.rel1.win32_1.0.100.202509120712/tools/bin/../lib/gcc/arm-none-eabi/13.3.1/../../../../arm-none-eabi/lib/thumb/v7-m/nofp\libc_nano.a(libc_a-reent.o)
                0x20000478                errno
 .bss.__lock___malloc_recursive_mutex
                0x2000047c        0x1 D:/ST/STM32CubeIDE_2.0.0/STM32CubeIDE/plugins/com.st.stm32cube.ide.mcu.externaltools.gnu-tools-for-stm32.13.3.rel1.win32_1.0.100.202509120712/tools/bin/../lib/gcc/arm-none-eabi/13.3.1/../../../../arm-none-eabi/lib/thumb/v7-m/nofp\libc_nano.a(libc_a-lock.o)
                0x2000047c                __lock___malloc_recursive_mutex
 *fill*         0x2000047d        0x3 
 .bss.__malloc_sbrk_start
                0x20000480        0x4 D:/ST/STM32CubeIDE_2.0.0/STM32CubeIDE/plugins/com.st.stm32cube.ide.mcu.externaltools.gnu-tools-for-stm32.13.3.rel1.win32_1.0.100.202509120712/tools/bin/../lib/gcc/arm-none-eabi/13.3.1/../../../../arm-none-eabi/lib/thumb/v7-m/nofp\libc_nano.a(libc_a-mallocr.o)
                0x20000480                __malloc_sbrk_start
 .bss.__malloc_free_list
                0x20000484        0x4 D:/ST/STM32CubeIDE_2.0.0/STM32CubeIDE/plugins/com.st.stm32cube.ide.mcu.externaltools.gnu-tools-for-stm32.13.3.rel1.win32_1.0.100.202509120712/tools/bin/../lib/gcc/arm-none-eabi/13.3.1/../../../../arm-none-eabi/lib/thumb/v7-m/nofp\libc_nano.a(libc_a-mallocr.o)
                0x20000484                __malloc_free_list
 *(COMMON)
                0x20000488                        . = ALIGN (0x4)
                0x20000488                        _ebss = .
                0x20000488                        __bss_end__ = _ebss

._user_heap_stack
                0x20000488      0x600 load address 0x0800a6c4
                0x20000488                        . = ALIGN (0x8)
                [!provide]                        PROVIDE (end = .)
                0x20000488                        PROVIDE (_end = .)
                0x20000688                        . = (. + _Min_Heap_Size)
 *fill*         0x20000488      0x200 
                0x20000a88                        . = (. + _Min_Stack_Size)
 *fill*         0x20000688      0x400 
                0x20000a88                        . = ALIGN (0x8)

/DISCARD/
 libc.a(*)
 libm.a(*)
 libgcc.a(*)

.ARM.attributes
                0x00000000       0x29
 *(.ARM.attributes)
 .ARM.attributes
                0x00000000       0x1d D:/ST/STM32CubeIDE_2.0.0/STM32CubeIDE/plugins/com.st.stm32cube.ide.mcu.externaltools.gnu-tools-for-stm32.13.3.rel1.win32_1.0.100.202509120712/tools/bin/../lib/gcc/arm-none-eabi/13.3.1/thumb/v7-m/nofp/crti.o
 .ARM.attributes
                0x0000001d       0x2d D:/ST/STM32CubeIDE_2.0.0/STM32CubeIDE/plugins/com.st.stm32cube.ide.mcu.externaltools.gnu-tools-for-stm32.13.3.rel1.win32_1.0.100.202509120712/tools/bin/../lib/gcc/arm-none-eabi/13.3.1/thumb/v7-m/nofp/crtbegin.o
 .ARM.attributes
                0x0000004a       0x2d ./Core/Src/ILI9341_GFX.o
 .ARM.attributes
                0x00000077       0x2d ./Core/Src/ILI9341_STM32_Driver.o
 .ARM.attributes
                0x000000a4       0x2d ./Core/Src/ULTRASONICO.o
 .ARM.attributes
                0x000000d1       0x2d ./Core/Src/adc.o
 .ARM.attributes
                0x000000fe       0x2d ./Core/Src/dma.o
 .ARM.attributes
                0x0000012b       0x2d ./Core/Src/fonts.o
 .ARM.attributes
                0x00000158       0x2d ./Core/Src/gpio.o
 .ARM.attributes
                0x00000185       0x2d ./Core/Src/main.o
 .ARM.attributes
                0x000001b2       0x2d ./Core/Src/spi.o
 .ARM.attributes
                0x000001df       0x2d ./Core/Src/stm32f1xx_hal_msp.o
 .ARM.attributes
                0x0000020c       0x2d ./Core/Src/stm32f1xx_it.o
 .ARM.attributes
                0x00000239       0x2d ./Core/Src/sysmem.o
 .ARM.attributes
                0x00000266       0x2d ./Core/Src/system_stm32f1xx.o
 .ARM.attributes
                0x00000293       0x2d ./Core/Src/tim.o
 .ARM.attributes
                0x000002c0       0x21 ./Core/Startup/startup_stm32f103c8tx.o
 .ARM.attributes
                0x000002e1       0x2d ./Drivers/STM32F1xx_HAL_Driver/Src/stm32f1xx_hal.o
 .ARM.attributes
                0x0000030e       0x2d ./Drivers/STM32F1xx_HAL_Driver/Src/stm32f1xx_hal_adc.o
 .ARM.attributes
                0x0000033b       0x2d ./Drivers/STM32F1xx_HAL_Driver/Src/stm32f1xx_hal_adc_ex.o
 .ARM.attributes
                0x00000368       0x2d ./Drivers/STM32F1xx_HAL_Driver/Src/stm32f1xx_hal_cortex.o
 .ARM.attributes
                0x00000395       0x2d ./Drivers/STM32F1xx_HAL_Driver/Src/stm32f1xx_hal_dma.o
 .ARM.attributes
                0x000003c2       0x2d ./Drivers/STM32F1xx_HAL_Driver/Src/stm32f1xx_hal_gpio.o
 .ARM.attributes
                0x000003ef       0x2d ./Drivers/STM32F1xx_HAL_Driver/Src/stm32f1xx_hal_rcc.o
 .ARM.attributes
                0x0000041c       0x2d ./Drivers/STM32F1xx_HAL_Driver/Src/stm32f1xx_hal_rcc_ex.o
 .ARM.attributes
                0x00000449       0x2d ./Drivers/STM32F1xx_HAL_Driver/Src/stm32f1xx_hal_spi.o
 .ARM.attributes
                0x00000476       0x2d ./Drivers/STM32F1xx_HAL_Driver/Src/stm32f1xx_hal_tim.o
 .ARM.attributes
                0x000004a3       0x2d ./Drivers/STM32F1xx_HAL_Driver/Src/stm32f1xx_hal_tim_ex.o
 .ARM.attributes
                0x000004d0       0x2d D:/ST/STM32CubeIDE_2.0.0/STM32CubeIDE/plugins/com.st.stm32cube.ide.mcu.externaltools.gnu-tools-for-stm32.13.3.rel1.win32_1.0.100.202509120712/tools/bin/../lib/gcc/arm-none-eabi/13.3.1/../../../../arm-none-eabi/lib/thumb/v7-m/nofp\libc_nano.a(libc_a-findfp.o)
 .ARM.attributes
                0x000004fd       0x2d D:/ST/STM32CubeIDE_2.0.0/STM32CubeIDE/plugins/com.st.stm32cube.ide.mcu.externaltools.gnu-tools-for-stm32.13.3.rel1.win32_1.0.100.202509120712/tools/bin/../lib/gcc/arm-none-eabi/13.3.1/../../../../arm-none-eabi/lib/thumb/v7-m/nofp\libc_nano.a(libc_a-sprintf.o)
 .ARM.attributes
                0x0000052a       0x2d D:/ST/STM32CubeIDE_2.0.0/STM32CubeIDE/plugins/com.st.stm32cube.ide.mcu.externaltools.gnu-tools-for-stm32.13.3.rel1.win32_1.0.100.202509120712/tools/bin/../lib/gcc/arm-none-eabi/13.3.1/../../../../arm-none-eabi/lib/thumb/v7-m/nofp\libc_nano.a(libc_a-memset.o)
 .ARM.attributes
                0x00000557       0x2d D:/ST/STM32CubeIDE_2.0.0/STM32CubeIDE/plugins/com.st.stm32cube.ide.mcu.externaltools.gnu-tools-for-stm32.13.3.rel1.win32_1.0.100.202509120712/tools/bin/../lib/gcc/arm-none-eabi/13.3.1/../../../../arm-none-eabi/lib/thumb/v7-m/nofp\libc_nano.a(libc_a-reent.o)
 .ARM.attributes
                0x00000584       0x2d D:/ST/STM32CubeIDE_2.0.0/STM32CubeIDE/plugins/com.st.stm32cube.ide.mcu.externaltools.gnu-tools-for-stm32.13.3.rel1.win32_1.0.100.202509120712/tools/bin/../lib/gcc/arm-none-eabi/13.3.1/../../../../arm-none-eabi/lib/thumb/v7-m/nofp\libc_nano.a(libc_a-impure.o)
 .ARM.attributes
                0x000005b1       0x2d D:/ST/STM32CubeIDE_2.0.0/STM32CubeIDE/plugins/com.st.stm32cube.ide.mcu.externaltools.gnu-tools-for-stm32.13.3.rel1.win32_1.0.100.202509120712/tools/bin/../lib/gcc/arm-none-eabi/13.3.1/../../../../arm-none-eabi/lib/thumb/v7-m/nofp\libc_nano.a(libc_a-errno.o)
 .ARM.attributes
                0x000005de       0x2d D:/ST/STM32CubeIDE_2.0.0/STM32CubeIDE/plugins/com.st.stm32cube.ide.mcu.externaltools.gnu-tools-for-stm32.13.3.rel1.win32_1.0.100.202509120712/tools/bin/../lib/gcc/arm-none-eabi/13.3.1/../../../../arm-none-eabi/lib/thumb/v7-m/nofp\libc_nano.a(libc_a-init.o)
 .ARM.attributes
                0x0000060b       0x2d D:/ST/STM32CubeIDE_2.0.0/STM32CubeIDE/plugins/com.st.stm32cube.ide.mcu.externaltools.gnu-tools-for-stm32.13.3.rel1.win32_1.0.100.202509120712/tools/bin/../lib/gcc/arm-none-eabi/13.3.1/../../../../arm-none-eabi/lib/thumb/v7-m/nofp\libc_nano.a(libc_a-lock.o)
 .ARM.attributes
                0x00000638       0x2d D:/ST/STM32CubeIDE_2.0.0/STM32CubeIDE/plugins/com.st.stm32cube.ide.mcu.externaltools.gnu-tools-for-stm32.13.3.rel1.win32_1.0.100.202509120712/tools/bin/../lib/gcc/arm-none-eabi/13.3.1/../../../../arm-none-eabi/lib/thumb/v7-m/nofp\libc_nano.a(libc_a-freer.o)
 .ARM.attributes
                0x00000665       0x2d D:/ST/STM32CubeIDE_2.0.0/STM32CubeIDE/plugins/com.st.stm32cube.ide.mcu.externaltools.gnu-tools-for-stm32.13.3.rel1.win32_1.0.100.202509120712/tools/bin/../lib/gcc/arm-none-eabi/13.3.1/../../../../arm-none-eabi/lib/thumb/v7-m/nofp\libc_nano.a(libc_a-mallocr.o)
 .ARM.attributes
                0x00000692       0x2d D:/ST/STM32CubeIDE_2.0.0/STM32CubeIDE/plugins/com.st.stm32cube.ide.mcu.externaltools.gnu-tools-for-stm32.13.3.rel1.win32_1.0.100.202509120712/tools/bin/../lib/gcc/arm-none-eabi/13.3.1/../../../../arm-none-eabi/lib/thumb/v7-m/nofp\libc_nano.a(libc_a-mlock.o)
 .ARM.attributes
                0x000006bf       0x2d D:/ST/STM32CubeIDE_2.0.0/STM32CubeIDE/plugins/com.st.stm32cube.ide.mcu.externaltools.gnu-tools-for-stm32.13.3.rel1.win32_1.0.100.202509120712/tools/bin/../lib/gcc/arm-none-eabi/13.3.1/../../../../arm-none-eabi/lib/thumb/v7-m/nofp\libc_nano.a(libc_a-nano-svfprintf.o)
 .ARM.attributes
                0x000006ec       0x2d D:/ST/STM32CubeIDE_2.0.0/STM32CubeIDE/plugins/com.st.stm32cube.ide.mcu.externaltools.gnu-tools-for-stm32.13.3.rel1.win32_1.0.100.202509120712/tools/bin/../lib/gcc/arm-none-eabi/13.3.1/../../../../arm-none-eabi/lib/thumb/v7-m/nofp\libc_nano.a(libc_a-nano-vfprintf_i.o)
 .ARM.attributes
                0x00000719       0x2d D:/ST/STM32CubeIDE_2.0.0/STM32CubeIDE/plugins/com.st.stm32cube.ide.mcu.externaltools.gnu-tools-for-stm32.13.3.rel1.win32_1.0.100.202509120712/tools/bin/../lib/gcc/arm-none-eabi/13.3.1/../../../../arm-none-eabi/lib/thumb/v7-m/nofp\libc_nano.a(libc_a-memmove.o)
 .ARM.attributes
                0x00000746       0x2d D:/ST/STM32CubeIDE_2.0.0/STM32CubeIDE/plugins/com.st.stm32cube.ide.mcu.externaltools.gnu-tools-for-stm32.13.3.rel1.win32_1.0.100.202509120712/tools/bin/../lib/gcc/arm-none-eabi/13.3.1/../../../../arm-none-eabi/lib/thumb/v7-m/nofp\libc_nano.a(libc_a-sbrkr.o)
 .ARM.attributes
                0x00000773       0x2d D:/ST/STM32CubeIDE_2.0.0/STM32CubeIDE/plugins/com.st.stm32cube.ide.mcu.externaltools.gnu-tools-for-stm32.13.3.rel1.win32_1.0.100.202509120712/tools/bin/../lib/gcc/arm-none-eabi/13.3.1/../../../../arm-none-eabi/lib/thumb/v7-m/nofp\libc_nano.a(libc_a-memchr-stub.o)
 .ARM.attributes
                0x000007a0       0x2d D:/ST/STM32CubeIDE_2.0.0/STM32CubeIDE/plugins/com.st.stm32cube.ide.mcu.externaltools.gnu-tools-for-stm32.13.3.rel1.win32_1.0.100.202509120712/tools/bin/../lib/gcc/arm-none-eabi/13.3.1/../../../../arm-none-eabi/lib/thumb/v7-m/nofp\libc_nano.a(libc_a-memcpy-stub.o)
 .ARM.attributes
                0x000007cd       0x2d D:/ST/STM32CubeIDE_2.0.0/STM32CubeIDE/plugins/com.st.stm32cube.ide.mcu.externaltools.gnu-tools-for-stm32.13.3.rel1.win32_1.0.100.202509120712/tools/bin/../lib/gcc/arm-none-eabi/13.3.1/../../../../arm-none-eabi/lib/thumb/v7-m/nofp\libc_nano.a(libc_a-reallocr.o)
 .ARM.attributes
                0x000007fa       0x2d D:/ST/STM32CubeIDE_2.0.0/STM32CubeIDE/plugins/com.st.stm32cube.ide.mcu.externaltools.gnu-tools-for-stm32.13.3.rel1.win32_1.0.100.202509120712/tools/bin/../lib/gcc/arm-none-eabi/13.3.1/../../../../arm-none-eabi/lib/thumb/v7-m/nofp\libc_nano.a(libc_a-msizer.o)
 .ARM.attributes
                0x00000827       0x2d D:/ST/STM32CubeIDE_2.0.0/STM32CubeIDE/plugins/com.st.stm32cube.ide.mcu.externaltools.gnu-tools-for-stm32.13.3.rel1.win32_1.0.100.202509120712/tools/bin/../lib/gcc/arm-none-eabi/13.3.1/../../../../arm-none-eabi/lib/thumb/v7-m/nofp\libm.a(libm_a-sf_cos.o)
 .ARM.attributes
                0x00000854       0x2d D:/ST/STM32CubeIDE_2.0.0/STM32CubeIDE/plugins/com.st.stm32cube.ide.mcu.externaltools.gnu-tools-for-stm32.13.3.rel1.win32_1.0.100.202509120712/tools/bin/../lib/gcc/arm-none-eabi/13.3.1/../../../../arm-none-eabi/lib/thumb/v7-m/nofp\libm.a(libm_a-sf_sin.o)
 .ARM.attributes
                0x00000881       0x2d D:/ST/STM32CubeIDE_2.0.0/STM32CubeIDE/plugins/com.st.stm32cube.ide.mcu.externaltools.gnu-tools-for-stm32.13.3.rel1.win32_1.0.100.202509120712/tools/bin/../lib/gcc/arm-none-eabi/13.3.1/../../../../arm-none-eabi/lib/thumb/v7-m/nofp\libm.a(libm_a-kf_cos.o)
 .ARM.attributes
                0x000008ae       0x2d D:/ST/STM32CubeIDE_2.0.0/STM32CubeIDE/plugins/com.st.stm32cube.ide.mcu.externaltools.gnu-tools-for-stm32.13.3.rel1.win32_1.0.100.202509120712/tools/bin/../lib/gcc/arm-none-eabi/13.3.1/../../../../arm-none-eabi/lib/thumb/v7-m/nofp\libm.a(libm_a-kf_sin.o)
 .ARM.attributes
                0x000008db       0x2d D:/ST/STM32CubeIDE_2.0.0/STM32CubeIDE/plugins/com.st.stm32cube.ide.mcu.externaltools.gnu-tools-for-stm32.13.3.rel1.win32_1.0.100.202509120712/tools/bin/../lib/gcc/arm-none-eabi/13.3.1/../../../../arm-none-eabi/lib/thumb/v7-m/nofp\libm.a(libm_a-ef_rem_pio2.o)
 .ARM.attributes
                0x00000908       0x2d D:/ST/STM32CubeIDE_2.0.0/STM32CubeIDE/plugins/com.st.stm32cube.ide.mcu.externaltools.gnu-tools-for-stm32.13.3.rel1.win32_1.0.100.202509120712/tools/bin/../lib/gcc/arm-none-eabi/13.3.1/../../../../arm-none-eabi/lib/thumb/v7-m/nofp\libm.a(libm_a-sf_fabs.o)
 .ARM.attributes
                0x00000935       0x2d D:/ST/STM32CubeIDE_2.0.0/STM32CubeIDE/plugins/com.st.stm32cube.ide.mcu.externaltools.gnu-tools-for-stm32.13.3.rel1.win32_1.0.100.202509120712/tools/bin/../lib/gcc/arm-none-eabi/13.3.1/../../../../arm-none-eabi/lib/thumb/v7-m/nofp\libm.a(libm_a-kf_rem_pio2.o)
 .ARM.attributes
                0x00000962       0x2d D:/ST/STM32CubeIDE_2.0.0/STM32CubeIDE/plugins/com.st.stm32cube.ide.mcu.externaltools.gnu-tools-for-stm32.13.3.rel1.win32_1.0.100.202509120712/tools/bin/../lib/gcc/arm-none-eabi/13.3.1/../../../../arm-none-eabi/lib/thumb/v7-m/nofp\libm.a(libm_a-sf_scalbn.o)
 .ARM.attributes
                0x0000098f       0x2d D:/ST/STM32CubeIDE_2.0.0/STM32CubeIDE/plugins/com.st.stm32cube.ide.mcu.externaltools.gnu-tools-for-stm32.13.3.rel1.win32_1.0.100.202509120712/tools/bin/../lib/gcc/arm-none-eabi/13.3.1/../../../../arm-none-eabi/lib/thumb/v7-m/nofp\libm.a(libm_a-sf_floor.o)
 .ARM.attributes
                0x000009bc       0x1d D:/ST/STM32CubeIDE_2.0.0/STM32CubeIDE/plugins/com.st.stm32cube.ide.mcu.externaltools.gnu-tools-for-stm32.13.3.rel1.win32_1.0.100.202509120712/tools/bin/../lib/gcc/arm-none-eabi/13.3.1/thumb/v7-m/nofp\libgcc.a(_arm_addsubsf3.o)
 .ARM.attributes
                0x000009d9       0x1d D:/ST/STM32CubeIDE_2.0.0/STM32CubeIDE/plugins/com.st.stm32cube.ide.mcu.externaltools.gnu-tools-for-stm32.13.3.rel1.win32_1.0.100.202509120712/tools/bin/../lib/gcc/arm-none-eabi/13.3.1/thumb/v7-m/nofp\libgcc.a(_arm_muldivsf3.o)
 .ARM.attributes
                0x000009f6       0x1d D:/ST/STM32CubeIDE_2.0.0/STM32CubeIDE/plugins/com.st.stm32cube.ide.mcu.externaltools.gnu-tools-for-stm32.13.3.rel1.win32_1.0.100.202509120712/tools/bin/../lib/gcc/arm-none-eabi/13.3.1/thumb/v7-m/nofp\libgcc.a(_arm_cmpsf2.o)
 .ARM.attributes
                0x00000a13       0x1d D:/ST/STM32CubeIDE_2.0.0/STM32CubeIDE/plugins/com.st.stm32cube.ide.mcu.externaltools.gnu-tools-for-stm32.13.3.rel1.win32_1.0.100.202509120712/tools/bin/../lib/gcc/arm-none-eabi/13.3.1/thumb/v7-m/nofp\libgcc.a(_arm_fixsfsi.o)
 .ARM.attributes
                0x00000a30       0x1d D:/ST/STM32CubeIDE_2.0.0/STM32CubeIDE/plugins/com.st.stm32cube.ide.mcu.externaltools.gnu-tools-for-stm32.13.3.rel1.win32_1.0.100.202509120712/tools/bin/../lib/gcc/arm-none-eabi/13.3.1/thumb/v7-m/nofp\libgcc.a(_arm_fixunssfsi.o)
 .ARM.attributes
                0x00000a4d       0x1d D:/ST/STM32CubeIDE_2.0.0/STM32CubeIDE/plugins/com.st.stm32cube.ide.mcu.externaltools.gnu-tools-for-stm32.13.3.rel1.win32_1.0.100.202509120712/tools/bin/../lib/gcc/arm-none-eabi/13.3.1/thumb/v7-m/nofp/crtn.o
OUTPUT(Proyecto Aguero_Rodriguez.elf elf32-littlearm)
LOAD linker stubs
LOAD D:/ST/STM32CubeIDE_2.0.0/STM32CubeIDE/plugins/com.st.stm32cube.ide.mcu.externaltools.gnu-tools-for-stm32.13.3.rel1.win32_1.0.100.202509120712/tools/bin/../lib/gcc/arm-none-eabi/13.3.1/../../../../arm-none-eabi/lib/thumb/v7-m/nofp\libc.a
LOAD D:/ST/STM32CubeIDE_2.0.0/STM32CubeIDE/plugins/com.st.stm32cube.ide.mcu.externaltools.gnu-tools-for-stm32.13.3.rel1.win32_1.0.100.202509120712/tools/bin/../lib/gcc/arm-none-eabi/13.3.1/../../../../arm-none-eabi/lib/thumb/v7-m/nofp\libm.a
LOAD D:/ST/STM32CubeIDE_2.0.0/STM32CubeIDE/plugins/com.st.stm32cube.ide.mcu.externaltools.gnu-tools-for-stm32.13.3.rel1.win32_1.0.100.202509120712/tools/bin/../lib/gcc/arm-none-eabi/13.3.1/thumb/v7-m/nofp\libgcc.a

.debug_info     0x00000000     0xfdba
 .debug_info    0x00000000      0x863 ./Core/Src/ILI9341_GFX.o
 .debug_info    0x00000863      0xaf6 ./Core/Src/ILI9341_STM32_Driver.o
 .debug_info    0x00001359      0x7d3 ./Core/Src/ULTRASONICO.o
 .debug_info    0x00001b2c      0x98e ./Core/Src/adc.o
 .debug_info    0x000024ba      0x2cf ./Core/Src/dma.o
 .debug_info    0x00002789      0x1ea ./Core/Src/fonts.o
 .debug_info    0x00002973      0x44e ./Core/Src/gpio.o
 .debug_info    0x00002dc1     0x12c3 ./Core/Src/main.o
 .debug_info    0x00004084      0x98b ./Core/Src/spi.o
 .debug_info    0x00004a0f      0x1f1 ./Core/Src/stm32f1xx_hal_msp.o
 .debug_info    0x00004c00      0xc2c ./Core/Src/stm32f1xx_it.o
 .debug_info    0x0000582c      0x168 ./Core/Src/sysmem.o
 .debug_info    0x00005994      0x222 ./Core/Src/system_stm32f1xx.o
 .debug_info    0x00005bb6      0xfb6 ./Core/Src/tim.o
 .debug_info    0x00006b6c       0x30 ./Core/Startup/startup_stm32f103c8tx.o
 .debug_info    0x00006b9c      0x704 ./Drivers/STM32F1xx_HAL_Driver/Src/stm32f1xx_hal.o
 .debug_info    0x000072a0      0xc50 ./Drivers/STM32F1xx_HAL_Driver/Src/stm32f1xx_hal_adc.o
 .debug_info    0x00007ef0      0xa10 ./Drivers/STM32F1xx_HAL_Driver/Src/stm32f1xx_hal_adc_ex.o
 .debug_info    0x00008900      0xa87 ./Drivers/STM32F1xx_HAL_Driver/Src/stm32f1xx_hal_cortex.o
 .debug_info    0x00009387      0x6d2 ./Drivers/STM32F1xx_HAL_Driver/Src/stm32f1xx_hal_dma.o
 .debug_info    0x00009a59      0x5ab ./Drivers/STM32F1xx_HAL_Driver/Src/stm32f1xx_hal_gpio.o
 .debug_info    0x0000a004      0x7d5 ./Drivers/STM32F1xx_HAL_Driver/Src/stm32f1xx_hal_rcc.o
 .debug_info    0x0000a7d9      0x3c0 ./Drivers/STM32F1xx_HAL_Driver/Src/stm32f1xx_hal_rcc_ex.o
 .debug_info    0x0000ab99     0x142d ./Drivers/STM32F1xx_HAL_Driver/Src/stm32f1xx_hal_spi.o
 .debug_info    0x0000bfc6     0x2959 ./Drivers/STM32F1xx_HAL_Driver/Src/stm32f1xx_hal_tim.o
 .debug_info    0x0000e91f     0x149b ./Drivers/STM32F1xx_HAL_Driver/Src/stm32f1xx_hal_tim_ex.o

.debug_abbrev   0x00000000     0x311d
 .debug_abbrev  0x00000000      0x1c2 ./Core/Src/ILI9341_GFX.o
 .debug_abbrev  0x000001c2      0x2b5 ./Core/Src/ILI9341_STM32_Driver.o
 .debug_abbrev  0x00000477      0x1be ./Core/Src/ULTRASONICO.o
 .debug_abbrev  0x00000635      0x211 ./Core/Src/adc.o
 .debug_abbrev  0x00000846       0xfc ./Core/Src/dma.o
 .debug_abbrev  0x00000942       0x90 ./Core/Src/fonts.o
 .debug_abbrev  0x000009d2      0x161 ./Core/Src/gpio.o
 .debug_abbrev  0x00000b33      0x353 ./Core/Src/main.o
 .debug_abbrev  0x00000e86      0x21a ./Core/Src/spi.o
 .debug_abbrev  0x000010a0       0xdb ./Core/Src/stm32f1xx_hal_msp.o
 .debug_abbrev  0x0000117b      0x1dc ./Core/Src/stm32f1xx_it.o
 .debug_abbrev  0x00001357       0xbc ./Core/Src/sysmem.o
 .debug_abbrev  0x00001413      0x13f ./Core/Src/system_stm32f1xx.o
 .debug_abbrev  0x00001552      0x2bd ./Core/Src/tim.o
 .debug_abbrev  0x0000180f       0x24 ./Core/Startup/startup_stm32f103c8tx.o
 .debug_abbrev  0x00001833      0x201 ./Drivers/STM32F1xx_HAL_Driver/Src/stm32f1xx_hal.o
 .debug_abbrev  0x00001a34      0x225 ./Drivers/STM32F1xx_HAL_Driver/Src/stm32f1xx_hal_adc.o
 .debug_abbrev  0x00001c59      0x249 ./Drivers/STM32F1xx_HAL_Driver/Src/stm32f1xx_hal_adc_ex.o
 .debug_abbrev  0x00001ea2      0x2f8 ./Drivers/STM32F1xx_HAL_Driver/Src/stm32f1xx_hal_cortex.o
 .debug_abbrev  0x0000219a      0x20b ./Drivers/STM32F1xx_HAL_Driver/Src/stm32f1xx_hal_dma.o
 .debug_abbrev  0x000023a5      0x1ca ./Drivers/STM32F1xx_HAL_Driver/Src/stm32f1xx_hal_gpio.o
 .debug_abbrev  0x0000256f      0x2b3 ./Drivers/STM32F1xx_HAL_Driver/Src/stm32f1xx_hal_rcc.o
 .debug_abbrev  0x00002822      0x188 ./Drivers/STM32F1xx_HAL_Driver/Src/stm32f1xx_hal_rcc_ex.o
 .debug_abbrev  0x000029aa      0x27a ./Drivers/STM32F1xx_HAL_Driver/Src/stm32f1xx_hal_spi.o
 .debug_abbrev  0x00002c24      0x277 ./Drivers/STM32F1xx_HAL_Driver/Src/stm32f1xx_hal_tim.o
 .debug_abbrev  0x00002e9b      0x282 ./Drivers/STM32F1xx_HAL_Driver/Src/stm32f1xx_hal_tim_ex.o

.debug_aranges  0x00000000      0xfd8
 .debug_aranges
                0x00000000       0x68 ./Core/Src/ILI9341_GFX.o
 .debug_aranges
                0x00000068       0xa8 ./Core/Src/ILI9341_STM32_Driver.o
 .debug_aranges
                0x00000110       0x28 ./Core/Src/ULTRASONICO.o
 .debug_aranges
                0x00000138       0x30 ./Core/Src/adc.o
 .debug_aranges
                0x00000168       0x20 ./Core/Src/dma.o
 .debug_aranges
                0x00000188       0x18 ./Core/Src/fonts.o
 .debug_aranges
                0x000001a0       0x20 ./Core/Src/gpio.o
 .debug_aranges
                0x000001c0       0x68 ./Core/Src/main.o
 .debug_aranges
                0x00000228       0x30 ./Core/Src/spi.o
 .debug_aranges
                0x00000258       0x20 ./Core/Src/stm32f1xx_hal_msp.o
 .debug_aranges
                0x00000278       0x90 ./Core/Src/stm32f1xx_it.o
 .debug_aranges
                0x00000308       0x20 ./Core/Src/sysmem.o
 .debug_aranges
                0x00000328       0x28 ./Core/Src/system_stm32f1xx.o
 .debug_aranges
                0x00000350       0x70 ./Core/Src/tim.o
 .debug_aranges
                0x000003c0       0x28 ./Core/Startup/startup_stm32f103c8tx.o
 .debug_aranges
                0x000003e8       0xe0 ./Drivers/STM32F1xx_HAL_Driver/Src/stm32f1xx_hal.o
 .debug_aranges
                0x000004c8       0xf0 ./Drivers/STM32F1xx_HAL_Driver/Src/stm32f1xx_hal_adc.o
 .debug_aranges
                0x000005b8       0x80 ./Drivers/STM32F1xx_HAL_Driver/Src/stm32f1xx_hal_adc_ex.o
 .debug_aranges
                0x00000638      0x100 ./Drivers/STM32F1xx_HAL_Driver/Src/stm32f1xx_hal_cortex.o
 .debug_aranges
                0x00000738       0x80 ./Drivers/STM32F1xx_HAL_Driver/Src/stm32f1xx_hal_dma.o
 .debug_aranges
                0x000007b8       0x58 ./Drivers/STM32F1xx_HAL_Driver/Src/stm32f1xx_hal_gpio.o
 .debug_aranges
                0x00000810       0x90 ./Drivers/STM32F1xx_HAL_Driver/Src/stm32f1xx_hal_rcc.o
 .debug_aranges
                0x000008a0       0x30 ./Drivers/STM32F1xx_HAL_Driver/Src/stm32f1xx_hal_rcc_ex.o
 .debug_aranges
                0x000008d0      0x1d0 ./Drivers/STM32F1xx_HAL_Driver/Src/stm32f1xx_hal_spi.o
 .debug_aranges
                0x00000aa0      0x3d0 ./Drivers/STM32F1xx_HAL_Driver/Src/stm32f1xx_hal_tim.o
 .debug_aranges
                0x00000e70      0x168 ./Drivers/STM32F1xx_HAL_Driver/Src/stm32f1xx_hal_tim_ex.o

.debug_rnglists
                0x00000000      0xc22
 .debug_rnglists
                0x00000000       0x5e ./Core/Src/ILI9341_GFX.o
 .debug_rnglists
                0x0000005e       0x81 ./Core/Src/ILI9341_STM32_Driver.o
 .debug_rnglists
                0x000000df       0x1a ./Core/Src/ULTRASONICO.o
 .debug_rnglists
                0x000000f9       0x21 ./Core/Src/adc.o
 .debug_rnglists
                0x0000011a       0x13 ./Core/Src/dma.o
 .debug_rnglists
                0x0000012d       0x14 ./Core/Src/gpio.o
 .debug_rnglists
                0x00000141       0x50 ./Core/Src/main.o
 .debug_rnglists
                0x00000191       0x20 ./Core/Src/spi.o
 .debug_rnglists
                0x000001b1       0x13 ./Core/Src/stm32f1xx_hal_msp.o
 .debug_rnglists
                0x000001c4       0x67 ./Core/Src/stm32f1xx_it.o
 .debug_rnglists
                0x0000022b       0x13 ./Core/Src/sysmem.o
 .debug_rnglists
                0x0000023e       0x1a ./Core/Src/system_stm32f1xx.o
 .debug_rnglists
                0x00000258       0x55 ./Core/Src/tim.o
 .debug_rnglists
                0x000002ad       0x19 ./Core/Startup/startup_stm32f103c8tx.o
 .debug_rnglists
                0x000002c6       0xa3 ./Drivers/STM32F1xx_HAL_Driver/Src/stm32f1xx_hal.o
 .debug_rnglists
                0x00000369       0xbc ./Drivers/STM32F1xx_HAL_Driver/Src/stm32f1xx_hal_adc.o
 .debug_rnglists
                0x00000425       0x65 ./Drivers/STM32F1xx_HAL_Driver/Src/stm32f1xx_hal_adc_ex.o
 .debug_rnglists
                0x0000048a       0xbb ./Drivers/STM32F1xx_HAL_Driver/Src/stm32f1xx_hal_cortex.o
 .debug_rnglists
                0x00000545       0x64 ./Drivers/STM32F1xx_HAL_Driver/Src/stm32f1xx_hal_dma.o
 .debug_rnglists
                0x000005a9       0x3f ./Drivers/STM32F1xx_HAL_Driver/Src/stm32f1xx_hal_gpio.o
 .debug_rnglists
                0x000005e8       0x6c ./Drivers/STM32F1xx_HAL_Driver/Src/stm32f1xx_hal_rcc.o
 .debug_rnglists
                0x00000654       0x21 ./Drivers/STM32F1xx_HAL_Driver/Src/stm32f1xx_hal_rcc_ex.o
 .debug_rnglists
                0x00000675      0x16e ./Drivers/STM32F1xx_HAL_Driver/Src/stm32f1xx_hal_spi.o
 .debug_rnglists
                0x000007e3      0x31a ./Drivers/STM32F1xx_HAL_Driver/Src/stm32f1xx_hal_tim.o
 .debug_rnglists
                0x00000afd      0x125 ./Drivers/STM32F1xx_HAL_Driver/Src/stm32f1xx_hal_tim_ex.o

.debug_macro    0x00000000    0x19978
 .debug_macro   0x00000000      0x1e7 ./Core/Src/ILI9341_GFX.o
 .debug_macro   0x000001e7      0xacc ./Core/Src/ILI9341_GFX.o
 .debug_macro   0x00000cb3      0x227 ./Core/Src/ILI9341_GFX.o
 .debug_macro   0x00000eda       0x2e ./Core/Src/ILI9341_GFX.o
 .debug_macro   0x00000f08       0x22 ./Core/Src/ILI9341_GFX.o
 .debug_macro   0x00000f2a       0x22 ./Core/Src/ILI9341_GFX.o
 .debug_macro   0x00000f4c       0x8e ./Core/Src/ILI9341_GFX.o
 .debug_macro   0x00000fda       0x51 ./Core/Src/ILI9341_GFX.o
 .debug_macro   0x0000102b      0x103 ./Core/Src/ILI9341_GFX.o
 .debug_macro   0x0000112e       0x6a ./Core/Src/ILI9341_GFX.o
 .debug_macro   0x00001198      0x1df ./Core/Src/ILI9341_GFX.o
 .debug_macro   0x00001377       0x1c ./Core/Src/ILI9341_GFX.o
 .debug_macro   0x00001393       0x22 ./Core/Src/ILI9341_GFX.o
 .debug_macro   0x000013b5       0xbd ./Core/Src/ILI9341_GFX.o
 .debug_macro   0x00001472      0xd23 ./Core/Src/ILI9341_GFX.o
 .debug_macro   0x00002195     0xe09e ./Core/Src/ILI9341_GFX.o
 .debug_macro   0x00010233       0x6d ./Core/Src/ILI9341_GFX.o
 .debug_macro   0x000102a0     0x34a2 ./Core/Src/ILI9341_GFX.o
 .debug_macro   0x00013742      0x190 ./Core/Src/ILI9341_GFX.o
 .debug_macro   0x000138d2       0x5c ./Core/Src/ILI9341_GFX.o
 .debug_macro   0x0001392e      0x5bc ./Core/Src/ILI9341_GFX.o
 .debug_macro   0x00013eea      0x289 ./Core/Src/ILI9341_GFX.o
 .debug_macro   0x00014173      0x1cb ./Core/Src/ILI9341_GFX.o
 .debug_macro   0x0001433e      0x114 ./Core/Src/ILI9341_GFX.o
 .debug_macro   0x00014452      0x1b2 ./Core/Src/ILI9341_GFX.o
 .debug_macro   0x00014604       0x27 ./Core/Src/ILI9341_GFX.o
 .debug_macro   0x0001462b      0x136 ./Core/Src/ILI9341_GFX.o
 .debug_macro   0x00014761      0x1bc ./Core/Src/ILI9341_GFX.o
 .debug_macro   0x0001491d       0x34 ./Core/Src/ILI9341_GFX.o
 .debug_macro   0x00014951       0x3c ./Core/Src/ILI9341_GFX.o
 .debug_macro   0x0001498d       0x57 ./Core/Src/ILI9341_GFX.o
 .debug_macro   0x000149e4      0x46a ./Core/Src/ILI9341_GFX.o
 .debug_macro   0x00014e4e      0x1b5 ./Core/Src/ILI9341_GFX.o
 .debug_macro   0x00015003       0x87 ./Core/Src/ILI9341_GFX.o
 .debug_macro   0x0001508a      0x240 ./Core/Src/ILI9341_GFX.o
 .debug_macro   0x000152ca      0x140 ./Core/Src/ILI9341_GFX.o
 .debug_macro   0x0001540a      0x217 ./Core/Src/ILI9341_GFX.o
 .debug_macro   0x00015621      0x8ed ./Core/Src/ILI9341_GFX.o
 .debug_macro   0x00015f0e       0x83 ./Core/Src/ILI9341_GFX.o
 .debug_macro   0x00015f91       0xa0 ./Core/Src/ILI9341_GFX.o
 .debug_macro   0x00016031       0xca ./Core/Src/ILI9341_GFX.o
 .debug_macro   0x000160fb       0x34 ./Core/Src/ILI9341_GFX.o
 .debug_macro   0x0001612f       0x1c ./Core/Src/ILI9341_GFX.o
 .debug_macro   0x0001614b      0x1cf ./Core/Src/ILI9341_STM32_Driver.o
 .debug_macro   0x0001631a      0x1de ./Core/Src/ULTRASONICO.o
 .debug_macro   0x000164f8      0x1d0 ./Core/Src/adc.o
 .debug_macro   0x000166c8       0x9a ./Core/Src/adc.o
 .debug_macro   0x00016762      0x1d0 ./Core/Src/dma.o
 .debug_macro   0x00016932       0x72 ./Core/Src/fonts.o
 .debug_macro   0x000169a4       0x2e ./Core/Src/fonts.o
 .debug_macro   0x000169d2      0x1d0 ./Core/Src/gpio.o
 .debug_macro   0x00016ba2      0x345 ./Core/Src/main.o
 .debug_macro   0x00016ee7       0x61 ./Core/Src/main.o
 .debug_macro   0x00016f48       0x24 ./Core/Src/main.o
 .debug_macro   0x00016f6c       0x43 ./Core/Src/main.o
 .debug_macro   0x00016faf       0x34 ./Core/Src/main.o
 .debug_macro   0x00016fe3       0x16 ./Core/Src/main.o
 .debug_macro   0x00016ff9       0x3c ./Core/Src/main.o
 .debug_macro   0x00017035      0x370 ./Core/Src/main.o
 .debug_macro   0x000173a5       0x10 ./Core/Src/main.o
 .debug_macro   0x000173b5       0x16 ./Core/Src/main.o
 .debug_macro   0x000173cb       0x4a ./Core/Src/main.o
 .debug_macro   0x00017415       0x34 ./Core/Src/main.o
 .debug_macro   0x00017449       0x10 ./Core/Src/main.o
 .debug_macro   0x00017459       0x58 ./Core/Src/main.o
 .debug_macro   0x000174b1       0x8e ./Core/Src/main.o
 .debug_macro   0x0001753f       0x1c ./Core/Src/main.o
 .debug_macro   0x0001755b      0x185 ./Core/Src/main.o
 .debug_macro   0x000176e0       0x16 ./Core/Src/main.o
 .debug_macro   0x000176f6       0x16 ./Core/Src/main.o
 .debug_macro   0x0001770c      0x146 ./Core/Src/main.o
 .debug_macro   0x00017852       0x16 ./Core/Src/main.o
 .debug_macro   0x00017868       0x16 ./Core/Src/main.o
 .debug_macro   0x0001787e       0x29 ./Core/Src/main.o
 .debug_macro   0x000178a7       0xd0 ./Core/Src/main.o
 .debug_macro   0x00017977       0x10 ./Core/Src/main.o
 .debug_macro   0x00017987      0x1d0 ./Core/Src/spi.o
 .debug_macro   0x00017b57      0x1c6 ./Core/Src/stm32f1xx_hal_msp.o
 .debug_macro   0x00017d1d      0x1d0 ./Core/Src/stm32f1xx_it.o
 .debug_macro   0x00017eed      0x112 ./Core/Src/sysmem.o
 .debug_macro   0x00017fff      0x23c ./Core/Src/sysmem.o
 .debug_macro   0x0001823b      0x1b7 ./Core/Src/system_stm32f1xx.o
 .debug_macro   0x000183f2      0x1d0 ./Core/Src/tim.o
 .debug_macro   0x000185c2      0x1db ./Drivers/STM32F1xx_HAL_Driver/Src/stm32f1xx_hal.o
 .debug_macro   0x0001879d      0x1d4 ./Drivers/STM32F1xx_HAL_Driver/Src/stm32f1xx_hal_adc.o
 .debug_macro   0x00018971      0x1c9 ./Drivers/STM32F1xx_HAL_Driver/Src/stm32f1xx_hal_adc_ex.o
 .debug_macro   0x00018b3a      0x1b7 ./Drivers/STM32F1xx_HAL_Driver/Src/stm32f1xx_hal_cortex.o
 .debug_macro   0x00018cf1      0x1b7 ./Drivers/STM32F1xx_HAL_Driver/Src/stm32f1xx_hal_dma.o
 .debug_macro   0x00018ea8      0x222 ./Drivers/STM32F1xx_HAL_Driver/Src/stm32f1xx_hal_gpio.o
 .debug_macro   0x000190ca      0x1c9 ./Drivers/STM32F1xx_HAL_Driver/Src/stm32f1xx_hal_rcc.o
 .debug_macro   0x00019293      0x1b7 ./Drivers/STM32F1xx_HAL_Driver/Src/stm32f1xx_hal_rcc_ex.o
 .debug_macro   0x0001944a      0x1bf ./Drivers/STM32F1xx_HAL_Driver/Src/stm32f1xx_hal_spi.o
 .debug_macro   0x00019609      0x1b8 ./Drivers/STM32F1xx_HAL_Driver/Src/stm32f1xx_hal_tim.o
 .debug_macro   0x000197c1      0x1b7 ./Drivers/STM32F1xx_HAL_Driver/Src/stm32f1xx_hal_tim_ex.o

.debug_line     0x00000000    0x142b8
 .debug_line    0x00000000      0xb77 ./Core/Src/ILI9341_GFX.o
 .debug_line    0x00000b77      0xae6 ./Core/Src/ILI9341_STM32_Driver.o
 .debug_line    0x0000165d      0x7c5 ./Core/Src/ULTRASONICO.o
 .debug_line    0x00001e22      0x7e5 ./Core/Src/adc.o
 .debug_line    0x00002607      0x72e ./Core/Src/dma.o
 .debug_line    0x00002d35      0x40e ./Core/Src/fonts.o
 .debug_line    0x00003143      0x776 ./Core/Src/gpio.o
 .debug_line    0x000038b9      0xe20 ./Core/Src/main.o
 .debug_line    0x000046d9      0x7cc ./Core/Src/spi.o
 .debug_line    0x00004ea5      0x731 ./Core/Src/stm32f1xx_hal_msp.o
 .debug_line    0x000055d6      0x871 ./Core/Src/stm32f1xx_it.o
 .debug_line    0x00005e47      0x58d ./Core/Src/sysmem.o
 .debug_line    0x000063d4      0x7af ./Core/Src/system_stm32f1xx.o
 .debug_line    0x00006b83      0xa14 ./Core/Src/tim.o
 .debug_line    0x00007597       0x78 ./Core/Startup/startup_stm32f103c8tx.o
 .debug_line    0x0000760f      0x9e0 ./Drivers/STM32F1xx_HAL_Driver/Src/stm32f1xx_hal.o
 .debug_line    0x00007fef     0x1005 ./Drivers/STM32F1xx_HAL_Driver/Src/stm32f1xx_hal_adc.o